Component: ARM Compiler 5.06 update 7 (build 960) Tool: armlink [4d3601]

==============================================================================

Section Cross References

    startup_stm32f334x8.o(STACK) refers (Special) to heapauxi.o(.text) for __use_two_region_memory
    startup_stm32f334x8.o(HEAP) refers (Special) to heapauxi.o(.text) for __use_two_region_memory
    startup_stm32f334x8.o(RESET) refers (Special) to heapauxi.o(.text) for __use_two_region_memory
    startup_stm32f334x8.o(RESET) refers to startup_stm32f334x8.o(STACK) for __initial_sp
    startup_stm32f334x8.o(RESET) refers to startup_stm32f334x8.o(.text) for Reset_Handler
    startup_stm32f334x8.o(RESET) refers to stm32f3xx_it.o(i.NMI_Handler) for NMI_Handler
    startup_stm32f334x8.o(RESET) refers to stm32f3xx_it.o(i.HardFault_Handler) for HardFault_Handler
    startup_stm32f334x8.o(RESET) refers to stm32f3xx_it.o(i.MemManage_Handler) for MemManage_Handler
    startup_stm32f334x8.o(RESET) refers to stm32f3xx_it.o(i.BusFault_Handler) for BusFault_Handler
    startup_stm32f334x8.o(RESET) refers to stm32f3xx_it.o(i.UsageFault_Handler) for UsageFault_Handler
    startup_stm32f334x8.o(RESET) refers to stm32f3xx_it.o(i.SVC_Handler) for SVC_Handler
    startup_stm32f334x8.o(RESET) refers to stm32f3xx_it.o(i.DebugMon_Handler) for DebugMon_Handler
    startup_stm32f334x8.o(RESET) refers to stm32f3xx_it.o(i.PendSV_Handler) for PendSV_Handler
    startup_stm32f334x8.o(RESET) refers to stm32f3xx_it.o(i.SysTick_Handler) for SysTick_Handler
    startup_stm32f334x8.o(RESET) refers to stm32f3xx_it.o(i.CAN_TX_IRQHandler) for CAN_TX_IRQHandler
    startup_stm32f334x8.o(RESET) refers to stm32f3xx_it.o(i.CAN_RX0_IRQHandler) for CAN_RX0_IRQHandler
    startup_stm32f334x8.o(RESET) refers to stm32f3xx_it.o(i.CAN_RX1_IRQHandler) for CAN_RX1_IRQHandler
    startup_stm32f334x8.o(RESET) refers to stm32f3xx_it.o(i.TIM1_UP_TIM16_IRQHandler) for TIM1_UP_TIM16_IRQHandler
    startup_stm32f334x8.o(.text) refers (Special) to heapauxi.o(.text) for __use_two_region_memory
    startup_stm32f334x8.o(.text) refers to system_stm32f3xx.o(i.SystemInit) for SystemInit
    startup_stm32f334x8.o(.text) refers to __main.o(!!!main) for __main
    startup_stm32f334x8.o(.text) refers to startup_stm32f334x8.o(HEAP) for Heap_Mem
    startup_stm32f334x8.o(.text) refers to startup_stm32f334x8.o(STACK) for Stack_Mem
    stm32f3xx_hal_adc_ex.o(i.ADC_ConversionStop) refers to stm32f3xx_hal.o(i.HAL_GetTick) for HAL_GetTick
    stm32f3xx_hal_adc_ex.o(i.ADC_DMAConvCplt) refers to stm32f3xx_hal_adc.o(i.HAL_ADC_ConvCpltCallback) for HAL_ADC_ConvCpltCallback
    stm32f3xx_hal_adc_ex.o(i.ADC_DMAError) refers to stm32f3xx_hal_adc.o(i.HAL_ADC_ErrorCallback) for HAL_ADC_ErrorCallback
    stm32f3xx_hal_adc_ex.o(i.ADC_DMAHalfConvCplt) refers to stm32f3xx_hal_adc.o(i.HAL_ADC_ConvHalfCpltCallback) for HAL_ADC_ConvHalfCpltCallback
    stm32f3xx_hal_adc_ex.o(i.ADC_Disable) refers to stm32f3xx_hal.o(i.HAL_GetTick) for HAL_GetTick
    stm32f3xx_hal_adc_ex.o(i.ADC_Enable) refers to stm32f3xx_hal.o(i.HAL_GetTick) for HAL_GetTick
    stm32f3xx_hal_adc_ex.o(i.HAL_ADCEx_Calibration_Start) refers to stm32f3xx_hal_adc_ex.o(i.ADC_Disable) for ADC_Disable
    stm32f3xx_hal_adc_ex.o(i.HAL_ADCEx_Calibration_Start) refers to stm32f3xx_hal.o(i.HAL_GetTick) for HAL_GetTick
    stm32f3xx_hal_adc_ex.o(i.HAL_ADCEx_InjectedConfigChannel) refers to system_stm32f3xx.o(.data) for SystemCoreClock
    stm32f3xx_hal_adc_ex.o(i.HAL_ADCEx_InjectedPollForConversion) refers to stm32f3xx_hal.o(i.HAL_GetTick) for HAL_GetTick
    stm32f3xx_hal_adc_ex.o(i.HAL_ADCEx_InjectedStart) refers to stm32f3xx_hal_adc_ex.o(i.ADC_Enable) for ADC_Enable
    stm32f3xx_hal_adc_ex.o(i.HAL_ADCEx_InjectedStart_IT) refers to stm32f3xx_hal_adc_ex.o(i.ADC_Enable) for ADC_Enable
    stm32f3xx_hal_adc_ex.o(i.HAL_ADCEx_InjectedStop) refers to stm32f3xx_hal_adc_ex.o(i.ADC_ConversionStop) for ADC_ConversionStop
    stm32f3xx_hal_adc_ex.o(i.HAL_ADCEx_InjectedStop) refers to stm32f3xx_hal_adc_ex.o(i.ADC_Disable) for ADC_Disable
    stm32f3xx_hal_adc_ex.o(i.HAL_ADCEx_InjectedStop_IT) refers to stm32f3xx_hal_adc_ex.o(i.ADC_ConversionStop) for ADC_ConversionStop
    stm32f3xx_hal_adc_ex.o(i.HAL_ADCEx_InjectedStop_IT) refers to stm32f3xx_hal_adc_ex.o(i.ADC_Disable) for ADC_Disable
    stm32f3xx_hal_adc_ex.o(i.HAL_ADCEx_MultiModeStart_DMA) refers to rt_memclr_w.o(.text) for __aeabi_memclr4
    stm32f3xx_hal_adc_ex.o(i.HAL_ADCEx_MultiModeStart_DMA) refers to stm32f3xx_hal_adc_ex.o(i.ADC_Enable) for ADC_Enable
    stm32f3xx_hal_adc_ex.o(i.HAL_ADCEx_MultiModeStart_DMA) refers to stm32f3xx_hal_dma.o(i.HAL_DMA_Start_IT) for HAL_DMA_Start_IT
    stm32f3xx_hal_adc_ex.o(i.HAL_ADCEx_MultiModeStart_DMA) refers to stm32f3xx_hal_adc_ex.o(i.ADC_DMAConvCplt) for ADC_DMAConvCplt
    stm32f3xx_hal_adc_ex.o(i.HAL_ADCEx_MultiModeStart_DMA) refers to stm32f3xx_hal_adc_ex.o(i.ADC_DMAHalfConvCplt) for ADC_DMAHalfConvCplt
[...]
    i.HAL_CAN_Start                          0x08002074   Section        0  stm32f3xx_hal_can.o(i.HAL_CAN_Start)
    i.HAL_CAN_TxMailbox0AbortCallback        0x080020d8   Section        0  stm32f3xx_hal_can.o(i.HAL_CAN_TxMailbox0AbortCallback)
    i.HAL_CAN_TxMailbox0CompleteCallback     0x080020da   Section        0  stm32f3xx_hal_can.o(i.HAL_CAN_TxMailbox0CompleteCallback)
    i.HAL_CAN_TxMailbox1AbortCallback        0x080020dc   Section        0  stm32f3xx_hal_can.o(i.HAL_CAN_TxMailbox1AbortCallback)
    i.HAL_CAN_TxMailbox1CompleteCallback     0x080020de   Section        0  stm32f3xx_hal_can.o(i.HAL_CAN_TxMailbox1CompleteCallback)
    i.HAL_CAN_TxMailbox2AbortCallback        0x080020e0   Section        0  stm32f3xx_hal_can.o(i.HAL_CAN_TxMailbox2AbortCallback)
    i.HAL_CAN_TxMailbox2CompleteCallback     0x080020e2   Section        0  stm32f3xx_hal_can.o(i.HAL_CAN_TxMailbox2CompleteCallback)
    i.HAL_CAN_WakeUpFromRxMsgCallback        0x080020e4   Section        0  stm32f3xx_hal_can.o(i.HAL_CAN_WakeUpFromRxMsgCallback)
    i.HAL_DMA_Init                           0x080020e8   Section        0  stm32f3xx_hal_dma.o(i.HAL_DMA_Init)
    i.HAL_DMA_Start_IT                       0x08002168   Section        0  stm32f3xx_hal_dma.o(i.HAL_DMA_Start_IT)
    i.HAL_Delay                              0x08002200   Section        0  stm32f3xx_hal.o(i.HAL_Delay)
    i.HAL_GPIO_Init                          0x08002228   Section        0  stm32f3xx_hal_gpio.o(i.HAL_GPIO_Init)
    i.HAL_GPIO_ReadPin                       0x080023ec   Section        0  stm32f3xx_hal_gpio.o(i.HAL_GPIO_ReadPin)
    i.HAL_GPIO_TogglePin                     0x080023f6   Section        0  stm32f3xx_hal_gpio.o(i.HAL_GPIO_TogglePin)
    i.HAL_GPIO_WritePin                      0x08002406   Section        0  stm32f3xx_hal_gpio.o(i.HAL_GPIO_WritePin)
    i.HAL_GetTick                            0x08002410   Section        0  stm32f3xx_hal.o(i.HAL_GetTick)
    i.HAL_HRTIM_DLLCalibrationStart          0x0800241c   Section        0  stm32f3xx_hal_hrtim.o(i.HAL_HRTIM_DLLCalibrationStart)
    i.HAL_HRTIM_DeadTimeConfig               0x08002490   Section        0  stm32f3xx_hal_hrtim.o(i.HAL_HRTIM_DeadTimeConfig)
    i.HAL_HRTIM_Init                         0x0800253c   Section        0  stm32f3xx_hal_hrtim.o(i.HAL_HRTIM_Init)
    i.HAL_HRTIM_MspInit                      0x08002600   Section        0  hrtim.o(i.HAL_HRTIM_MspInit)
    i.HAL_HRTIM_PollForDLLCalibration        0x0800262c   Section        0  stm32f3xx_hal_hrtim.o(i.HAL_HRTIM_PollForDLLCalibration)
    i.HAL_HRTIM_TimeBaseConfig               0x0800267a   Section        0  stm32f3xx_hal_hrtim.o(i.HAL_HRTIM_TimeBaseConfig)
    i.HAL_HRTIM_WaveformCompareConfig        0x0800270c   Section        0  stm32f3xx_hal_hrtim.o(i.HAL_HRTIM_WaveformCompareConfig)
    i.HAL_HRTIM_WaveformCountStart           0x0800288a   Section        0  stm32f3xx_hal_hrtim.o(i.HAL_HRTIM_WaveformCountStart)
    i.HAL_HRTIM_WaveformOutputConfig         0x080028bc   Section        0  stm32f3xx_hal_hrtim.o(i.HAL_HRTIM_WaveformOutputConfig)
    i.HAL_HRTIM_WaveformOutputStart          0x080028f4   Section        0  stm32f3xx_hal_hrtim.o(i.HAL_HRTIM_WaveformOutputStart)
    i.HAL_HRTIM_WaveformOutputStop           0x08002928   Section        0  stm32f3xx_hal_hrtim.o(i.HAL_HRTIM_WaveformOutputStop)
    i.HAL_HRTIM_WaveformTimerConfig          0x0800295c   Section        0  stm32f3xx_hal_hrtim.o(i.HAL_HRTIM_WaveformTimerConfig)
    i.HAL_I2CEx_ConfigAnalogFilter           0x08002be0   Section        0  stm32f3xx_hal_i2c_ex.o(i.HAL_I2CEx_ConfigAnalogFilter)
    i.HAL_I2CEx_ConfigDigitalFilter          0x08002c36   Section        0  stm32f3xx_hal_i2c_ex.o(i.HAL_I2CEx_ConfigDigitalFilter)
    i.HAL_I2C_Init                           0x08002c88   Section        0  stm32f3xx_hal_i2c.o(i.HAL_I2C_Init)
    i.HAL_I2C_MspInit                        0x08002d40   Section        0  i2c.o(i.HAL_I2C_MspInit)
    i.HAL_IncTick                            0x08002da8   Section        0  stm32f3xx_hal.o(i.HAL_IncTick)
    i.HAL_Init                               0x08002db8   Section        0  stm32f3xx_hal.o(i.HAL_Init)
    i.HAL_InitTick                           0x08002ddc   Section        0  stm32f3xx_hal.o(i.HAL_InitTick)
    i.HAL_MspInit                            0x08002e1c   Section        0  stm32f3xx_hal_msp.o(i.HAL_MspInit)
    i.HAL_NVIC_EnableIRQ                     0x08002e48   Section        0  stm32f3xx_hal_cortex.o(i.HAL_NVIC_EnableIRQ)
    i.HAL_NVIC_SetPriority                   0x08002e68   Section        0  stm32f3xx_hal_cortex.o(i.HAL_NVIC_SetPriority)
    i.HAL_NVIC_SetPriorityGrouping           0x08002ecc   Section        0  stm32f3xx_hal_cortex.o(i.HAL_NVIC_SetPriorityGrouping)
    i.HAL_RCCEx_PeriphCLKConfig              0x08002ef0   Section        0  stm32f3xx_hal_rcc_ex.o(i.HAL_RCCEx_PeriphCLKConfig)
    i.HAL_RCC_ClockConfig                    0x08003094   Section        0  stm32f3xx_hal_rcc.o(i.HAL_RCC_ClockConfig)
    i.HAL_RCC_GetPCLK1Freq                   0x080032a0   Section        0  stm32f3xx_hal_rcc.o(i.HAL_RCC_GetPCLK1Freq)
    i.HAL_RCC_GetPCLK2Freq                   0x080032d0   Section        0  stm32f3xx_hal_rcc.o(i.HAL_RCC_GetPCLK2Freq)
    i.HAL_RCC_GetSysClockFreq                0x08003300   Section        0  stm32f3xx_hal_rcc.o(i.HAL_RCC_GetSysClockFreq)
    i.HAL_RCC_OscConfig                      0x08003358   Section        0  stm32f3xx_hal_rcc.o(i.HAL_RCC_OscConfig)
    i.HAL_SYSTICK_Config                     0x08003928   Section        0  stm32f3xx_hal_cortex.o(i.HAL_SYSTICK_Config)
    i.HAL_TIMEx_Break2Callback               0x08003954   Section        0  stm32f3xx_hal_tim_ex.o(i.HAL_TIMEx_Break2Callback)
    i.HAL_TIMEx_BreakCallback                0x08003956   Section        0  stm32f3xx_hal_tim_ex.o(i.HAL_TIMEx_BreakCallback)
    i.HAL_TIMEx_CommutCallback               0x08003958   Section        0  stm32f3xx_hal_tim_ex.o(i.HAL_TIMEx_CommutCallback)
    i.HAL_TIMEx_MasterConfigSynchronization  0x0800395c   Section        0  stm32f3xx_hal_tim_ex.o(i.HAL_TIMEx_MasterConfigSynchronization)
    i.HAL_TIM_Base_Init                      0x080039d4   Section        0  stm32f3xx_hal_tim.o(i.HAL_TIM_Base_Init)
    i.HAL_TIM_Base_MspInit                   0x08003a38   Section        0  tim.o(i.HAL_TIM_Base_MspInit)
    i.HAL_TIM_Base_Start_IT                  0x08003a90   Section        0  stm32f3xx_hal_tim.o(i.HAL_TIM_Base_Start_IT)
    i.HAL_TIM_ConfigClockSource              0x08003af4   Section        0  stm32f3xx_hal_tim.o(i.HAL_TIM_ConfigClockSource)
    i.HAL_TIM_IC_CaptureCallback             0x08003c66   Section        0  stm32f3xx_hal_tim.o(i.HAL_TIM_IC_CaptureCallback)
    i.HAL_TIM_IRQHandler                     0x08003c68   Section        0  stm32f3xx_hal_tim.o(i.HAL_TIM_IRQHandler)
    i.HAL_TIM_OC_DelayElapsedCallback        0x08003dd6   Section        0  stm32f3xx_hal_tim.o(i.HAL_TIM_OC_DelayElapsedCallback)
    i.HAL_TIM_PWM_ConfigChannel              0x08003dd8   Section        0  stm32f3xx_hal_tim.o(i.HAL_TIM_PWM_ConfigChannel)
    i.HAL_TIM_PWM_Init                       0x08004104   Section        0  stm32f3xx_hal_tim.o(i.HAL_TIM_PWM_Init)
    i.HAL_TIM_PWM_MspInit                    0x08004166   Section        0  stm32f3xx_hal_tim.o(i.HAL_TIM_PWM_MspInit)
    i.HAL_TIM_PWM_PulseFinishedCallback      0x08004168   Section        0  stm32f3xx_hal_tim.o(i.HAL_TIM_PWM_PulseFinishedCallback)
    i.HAL_TIM_PeriodElapsedCallback          0x0800416a   Section        0  stm32f3xx_hal_tim.o(i.HAL_TIM_PeriodElapsedCallback)
    i.HAL_TIM_TriggerCallback                0x0800416c   Section        0  stm32f3xx_hal_tim.o(i.HAL_TIM_TriggerCallback)
    i.HAL_UART_Init                          0x0800416e   Section        0  stm32f3xx_hal_uart.o(i.HAL_UART_Init)
    i.HAL_UART_MspInit                       0x080041d8   Section        0  usart.o(i.HAL_UART_MspInit)
    i.HAL_UART_Transmit                      0x08004240   Section        0  stm32f3xx_hal_uart.o(i.HAL_UART_Transmit)
    i.HRTIM_Init                             0x08004304   Section        0  timer.o(i.HRTIM_Init)
    i.HRTIM_OutputConfig                     0x08004314   Section        0  stm32f3xx_hal_hrtim.o(i.HRTIM_OutputConfig)
    HRTIM_OutputConfig                       0x08004315   Thumb Code   228  stm32f3xx_hal_hrtim.o(i.HRTIM_OutputConfig)
    i.HardFault_Handler                      0x080043f8   Section        0  stm32f3xx_it.o(i.HardFault_Handler)
    i.Input_undervoltage_protection          0x080043fc   Section        0  power_control.o(i.Input_undervoltage_protection)
    i.Led_Config_Control                     0x0800444c   Section        0  led.o(i.Led_Config_Control)
    i.Led_Control                            0x080044bc   Section        0  led.o(i.Led_Control)
    i.MX_ADC1_Init                           0x080044c8   Section        0  adc.o(i.MX_ADC1_Init)
    i.MX_ADC2_Init                           0x0800457c   Section        0  adc.o(i.MX_ADC2_Init)
    i.MX_CAN_Init                            0x08004620   Section        0  can.o(i.MX_CAN_Init)
    i.MX_DMA_Init                            0x0800465c   Section        0  dma.o(i.MX_DMA_Init)
    i.MX_GPIO_Init                           0x08004678   Section        0  gpio.o(i.MX_GPIO_Init)
    i.MX_HRTIM1_Init                         0x08004790   Section        0  hrtim.o(i.MX_HRTIM1_Init)
    i.MX_I2C1_Init                           0x08004a20   Section        0  i2c.o(i.MX_I2C1_Init)
    i.MX_TIM1_Init                           0x08004a7c   Section        0  tim.o(i.MX_TIM1_Init)
    i.MX_TIM3_Init                           0x08004af4   Section        0  tim.o(i.MX_TIM3_Init)
    i.MX_USART2_UART_Init                    0x08004bdc   Section        0  usart.o(i.MX_USART2_UART_Init)
    i.MemManage_Handler                      0x08004c18   Section        0  stm32f3xx_it.o(i.MemManage_Handler)
    i.Mode_Judgment                          0x08004c1c   Section        0  power_control.o(i.Mode_Judgment)
    i.NMI_Handler                            0x08004cf0   Section        0  stm32f3xx_it.o(i.NMI_Handler)
    i.PID_Control                            0x08004cf4   Section        0  power_control.o(i.PID_Control)
    i.PID_calc                               0x08005044   Section        0  pid.o(i.PID_calc)
    i.PID_clear                              0x08005104   Section        0  pid.o(i.PID_clear)
    i.PID_init                               0x08005140   Section        0  pid.o(i.PID_init)
    i.PendSV_Handler                         0x08005190   Section        0  stm32f3xx_it.o(i.PendSV_Handler)
    i.Power_on_Self_Test                     0x08005194   Section        0  power_control.o(i.Power_on_Self_Test)
    i.SVC_Handler                            0x08005448   Section        0  stm32f3xx_it.o(i.SVC_Handler)
    i.SysTick_Handler                        0x0800544a   Section        0  stm32f3xx_it.o(i.SysTick_Handler)
    i.SystemClock_Config                     0x08005450   Section        0  main.o(i.SystemClock_Config)
    i.SystemInit                             0x080054f4   Section        0  system_stm32f3xx.o(i.SystemInit)
    i.TIM1_UP_TIM16_IRQHandler               0x08005504   Section        0  stm32f3xx_it.o(i.TIM1_UP_TIM16_IRQHandler)
    i.TIM_Base_SetConfig                     0x08005560   Section        0  stm32f3xx_hal_tim.o(i.TIM_Base_SetConfig)
    i.TIM_OC2_SetConfig                      0x08005608   Section        0  stm32f3xx_hal_tim.o(i.TIM_OC2_SetConfig)
    i.UART_AdvFeatureConfig                  0x08005688   Section        0  stm32f3xx_hal_uart.o(i.UART_AdvFeatureConfig)
    i.UART_CheckIdleState                    0x08005762   Section        0  stm32f3xx_hal_uart.o(i.UART_CheckIdleState)
    i.UART_SetConfig                         0x0800581c   Section        0  stm32f3xx_hal_uart.o(i.UART_SetConfig)
    i.UART_WaitOnFlagUntilTimeout            0x08005960   Section        0  stm32f3xx_hal_uart.o(i.UART_WaitOnFlagUntilTimeout)
    i.UsageFault_Handler                     0x08005aa8   Section        0  stm32f3xx_it.o(i.UsageFault_Handler)
    i.communication_can_send                 0x08005aac   Section        0  communication.o(i.communication_can_send)
    i.main                                   0x08005aec   Section        0  main.o(i.main)
    i.my_key                                 0x08005c0c   Section        0  key.o(i.my_key)
    i.ringbuf_cal                            0x08005d74   Section        0  measure.o(i.ringbuf_cal)
    x$fpl$d2f                                0x08005dcc   Section       98  d2f.o(x$fpl$d2f)
    $v0                                      0x08005dcc   Number         0  d2f.o(x$fpl$d2f)
    x$fpl$dadd                               0x08005e30   Section      336  daddsub_clz.o(x$fpl$dadd)
    $v0                                      0x08005e30   Number         0  daddsub_clz.o(x$fpl$dadd)
    _dadd1                                   0x08005e41   Thumb Code     0  daddsub_clz.o(x$fpl$dadd)
    x$fpl$dcmpinf                            0x08005f80   Section       24  dcmpi.o(x$fpl$dcmpinf)
    $v0                                      0x08005f80   Number         0  dcmpi.o(x$fpl$dcmpinf)
    x$fpl$ddiv                               0x08005f98   Section      688  ddiv.o(x$fpl$ddiv)
    $v0                                      0x08005f98   Number         0  ddiv.o(x$fpl$ddiv)
    ddiv_entry                               0x08005f9f   Thumb Code     0  ddiv.o(x$fpl$ddiv)
    x$fpl$deqf                               0x08006248   Section      120  deqf.o(x$fpl$deqf)
    $v0                                      0x08006248   Number         0  deqf.o(x$fpl$deqf)
    x$fpl$dmul                               0x080062c0   Section      340  dmul.o(x$fpl$dmul)
    $v0                                      0x080062c0   Number         0  dmul.o(x$fpl$dmul)
    x$fpl$dnaninf                            0x08006414   Section      156  dnaninf.o(x$fpl$dnaninf)
    $v0                                      0x08006414   Number         0  dnaninf.o(x$fpl$dnaninf)
    x$fpl$dretinf                            0x080064b0   Section       12  dretinf.o(x$fpl$dretinf)
    $v0                                      0x080064b0   Number         0  dretinf.o(x$fpl$dretinf)
    x$fpl$drsb                               0x080064bc   Section       22  daddsub_clz.o(x$fpl$drsb)
    $v0                                      0x080064bc   Number         0  daddsub_clz.o(x$fpl$drsb)
    x$fpl$dsub                               0x080064d4   Section      468  daddsub_clz.o(x$fpl$dsub)
    $v0                                      0x080064d4   Number         0  daddsub_clz.o(x$fpl$dsub)
    _dsub1                                   0x080064e5   Thumb Code     0  daddsub_clz.o(x$fpl$dsub)
    x$fpl$f2d                                0x080066a8   Section       86  f2d.o(x$fpl$f2d)
    $v0                                      0x080066a8   Number         0  f2d.o(x$fpl$f2d)
    x$fpl$fnaninf                            0x080066fe   Section      140  fnaninf.o(x$fpl$fnaninf)
    $v0                                      0x080066fe   Number         0  fnaninf.o(x$fpl$fnaninf)
    x$fpl$fpinit                             0x0800678a   Section       10  fpinit.o(x$fpl$fpinit)
    $v0                                      0x0800678a   Number         0  fpinit.o(x$fpl$fpinit)
    x$fpl$fretinf                            0x08006794   Section       10  fretinf.o(x$fpl$fretinf)
    $v0                                      0x08006794   Number         0  fretinf.o(x$fpl$fretinf)
    .constdata                               0x0800679e   Section       32  stm32f3xx_hal_rcc.o(.constdata)
    x$fpl$usenofp                            0x0800679e   Section        0  usenofp.o(x$fpl$usenofp)
    aPLLMULFactorTable                       0x0800679e   Data          16  stm32f3xx_hal_rcc.o(.constdata)
    aPredivFactorTable                       0x080067ae   Data          16  stm32f3xx_hal_rcc.o(.constdata)
    .constdata                               0x080067be   Section       16  system_stm32f3xx.o(.constdata)
    .constdata                               0x080067ce   Section        8  system_stm32f3xx.o(.constdata)
    .data                                    0x20000000   Section       12  stm32f3xx_hal.o(.data)
    .data                                    0x2000000c   Section        4  system_stm32f3xx.o(.data)
    .data                                    0x20000010   Section        4  adc.o(.data)
    HAL_RCC_ADC12_CLK_ENABLED                0x20000010   Data           4  adc.o(.data)
    .data                                    0x20000014   Section        2  stm32f3xx_it.o(.data)
    .data                                    0x20000018   Section        4  stm32f3xx_it.o(.data)
    .data                                    0x2000001c   Section        6  key.o(.data)
    Key_Flag_1                               0x2000001c   Data           1  key.o(.data)
    Key_Flag_2                               0x2000001d   Data           1  key.o(.data)
    Key_Flag_3                               0x2000001e   Data           1  key.o(.data)
    .data                                    0x20000024   Section       20  measure.o(.data)
    .data                                    0x20000038   Section        8  power_control.o(.data)
    .bss                                     0x20000040   Section      296  adc.o(.bss)
    .bss                                     0x20000168   Section       40  can.o(.bss)
    .bss                                     0x20000190   Section      220  hrtim.o(.bss)
    .bss                                     0x2000026c   Section       84  i2c.o(.bss)
    .bss                                     0x200002c0   Section      152  tim.o(.bss)
    .bss                                     0x20000358   Section      136  usart.o(.bss)
    .bss                                     0x200003e0   Section      804  measure.o(.bss)
    .bss                                     0x20000704   Section       72  communication.o(.bss)
    .bss                                     0x2000074c   Section      324  power_control.o(.bss)
    .bss                                     0x20000890   Section       96  libspace.o(.bss)
    HEAP                                     0x200008f0   Section      512  startup_stm32f334x8.o(HEAP)
    Heap_Mem                                 0x200008f0   Data         512  startup_stm32f334x8.o(HEAP)
    STACK                                    0x20000af0   Section     1024  startup_stm32f334x8.o(STACK)
    Stack_Mem                                0x20000af0   Data        1024  startup_stm32f334x8.o(STACK)
    __initial_sp                             0x20000ef0   Data           0  startup_stm32f334x8.o(STACK)

    Global Symbols

    Symbol Name                              Value     Ov Type        Size  Object(Section)

    BuildAttributes$$THM_ISAv4$E$P$D$K$B$S$7EM$VFPi3$EXTD16$VFPS$VFMA$PE$A:L22UL41UL21$X:L11$S22US41US21$IEEE1$IW$USESV6$~STKCKD$USESV7$~SHL$OTIME$ROPI$EBA8$UX$STANDARDLIB$REQ8$PRES8$EABIv2 0x00000000   Number         0  anon$$obj.o ABSOLUTE
    __ARM_use_no_argv                        0x00000000   Number         0  main.o ABSOLUTE
    __ARM_exceptions_init                     - Undefined Weak Reference
    __alloca_initialize                       - Undefined Weak Reference
    __arm_fini_                               - Undefined Weak Reference
    __arm_preinit_                            - Undefined Weak Reference
    __cpp_initialize__aeabi_                  - Undefined Weak Reference
    __cxa_finalize                            - Undefined Weak Reference
    __rt_locale                               - Undefined Weak Reference
    __sigvec_lookup                           - Undefined Weak Reference
    _atexit_init                              - Undefined Weak Reference
    _call_atexit_fns                          - Undefined Weak Reference
    _clock_init                               - Undefined Weak Reference
    _fp_trap_init                             - Undefined Weak Reference
    _fp_trap_shutdown                         - Undefined Weak Reference
    _get_lc_collate                           - Undefined Weak Reference
    _get_lc_ctype                             - Undefined Weak Reference
    _get_lc_monetary                          - Undefined Weak Reference
    _get_lc_numeric                           - Undefined Weak Reference
    _get_lc_time                              - Undefined Weak Reference
    _getenv_init                              - Undefined Weak Reference
    _handle_redirection                       - Undefined Weak Reference
    _init_alloc                               - Undefined Weak Reference
    _init_user_alloc                          - Undefined Weak Reference
    _initio                                   - Undefined Weak Reference
    _rand_init                                - Undefined Weak Reference
    _signal_finish                            - Undefined Weak Reference
    _signal_init                              - Undefined Weak Reference
    _terminate_alloc                          - Undefined Weak Reference
    _terminate_user_alloc                     - Undefined Weak Reference
    _terminateio                              - Undefined Weak Reference
    __Vectors_Size                           0x00000188   Number         0  startup_stm32f334x8.o ABSOLUTE
    __Vectors                                0x08000000   Data           4  startup_stm32f334x8.o(RESET)
    __Vectors_End                            0x08000188   Data           0  startup_stm32f334x8.o(RESET)
    __main                                   0x08000189   Thumb Code     8  __main.o(!!!main)
    __scatterload                            0x08000191   Thumb Code     0  __scatter.o(!!!scatter)
    __scatterload_rt2                        0x08000191   Thumb Code    44  __scatter.o(!!!scatter)
    __scatterload_rt2_thumb_only             0x08000191   Thumb Code     0  __scatter.o(!!!scatter)
    __scatterload_null                       0x0800019f   Thumb Code     0  __scatter.o(!!!scatter)
    __scatterload_copy                       0x080001c5   Thumb Code    26  __scatter_copy.o(!!handler_copy)
    __scatterload_zeroinit                   0x080001e1   Thumb Code    28  __scatter_zi.o(!!handler_zi)
    __rt_lib_init                            0x080001fd   Thumb Code     0  libinit.o(.ARM.Collect$$libinit$$00000000)
    __rt_lib_init_fp_1                       0x080001ff   Thumb Code     0  libinit2.o(.ARM.Collect$$libinit$$00000001)
    __rt_lib_init_alloca_1                   0x08000203   Thumb Code     0  libinit2.o(.ARM.Collect$$libinit$$0000002E)
    __rt_lib_init_argv_1                     0x08000203   Thumb Code     0  libinit2.o(.ARM.Collect$$libinit$$0000002C)
    __rt_lib_init_atexit_1                   0x08000203   Thumb Code     0  libinit2.o(.ARM.Collect$$libinit$$0000001B)
    __rt_lib_init_clock_1                    0x08000203   Thumb Code     0  libinit2.o(.ARM.Collect$$libinit$$00000021)
    __rt_lib_init_cpp_1                      0x08000203   Thumb Code     0  libinit2.o(.ARM.Collect$$libinit$$00000032)
    __rt_lib_init_exceptions_1               0x08000203   Thumb Code     0  libinit2.o(.ARM.Collect$$libinit$$00000030)
    __rt_lib_init_fp_trap_1                  0x08000203   Thumb Code     0  libinit2.o(.ARM.Collect$$libinit$$0000001F)
    __rt_lib_init_getenv_1                   0x08000203   Thumb Code     0  libinit2.o(.ARM.Collect$$libinit$$00000023)
    __rt_lib_init_heap_1                     0x08000203   Thumb Code     0  libinit2.o(.ARM.Collect$$libinit$$0000000A)
    __rt_lib_init_lc_collate_1               0x08000203   Thumb Code     0  libinit2.o(.ARM.Collect$$libinit$$00000011)
    __rt_lib_init_lc_ctype_1                 0x08000203   Thumb Code     0  libinit2.o(.ARM.Collect$$libinit$$00000013)
    __rt_lib_init_lc_monetary_1              0x08000203   Thumb Code     0  libinit2.o(.ARM.Collect$$libinit$$00000015)
    __rt_lib_init_lc_numeric_1               0x08000203   Thumb Code     0  libinit2.o(.ARM.Collect$$libinit$$00000017)
    __rt_lib_init_lc_time_1                  0x08000203   Thumb Code     0  libinit2.o(.ARM.Collect$$libinit$$00000019)
    __rt_lib_init_preinit_1                  0x08000203   Thumb Code     0  libinit2.o(.ARM.Collect$$libinit$$00000004)
    __rt_lib_init_rand_1                     0x08000203   Thumb Code     0  libinit2.o(.ARM.Collect$$libinit$$0000000E)
    __rt_lib_init_return                     0x08000203   Thumb Code     0  libinit2.o(.ARM.Collect$$libinit$$00000033)
    __rt_lib_init_signal_1                   0x08000203   Thumb Code     0  libinit2.o(.ARM.Collect$$libinit$$0000001D)
    __rt_lib_init_stdio_1                    0x08000203   Thumb Code     0  libinit2.o(.ARM.Collect$$libinit$$00000025)
    __rt_lib_init_user_alloc_1               0x08000203   Thumb Code     0  libinit2.o(.ARM.Collect$$libinit$$0000000C)
    __rt_lib_shutdown                        0x08000205   Thumb Code     0  libshutdown.o(.ARM.Collect$$libshutdown$$00000000)
    __rt_lib_shutdown_cpp_1                  0x08000207   Thumb Code     0  libshutdown2.o(.ARM.Collect$$libshutdown$$00000004)
    __rt_lib_shutdown_fini_1                 0x08000207   Thumb Code     0  libshutdown2.o(.ARM.Collect$$libshutdown$$00000002)
    __rt_lib_shutdown_fp_trap_1              0x08000207   Thumb Code     0  libshutdown2.o(.ARM.Collect$$libshutdown$$00000009)
    __rt_lib_shutdown_heap_1                 0x08000207   Thumb Code     0  libshutdown2.o(.ARM.Collect$$libshutdown$$00000011)
    __rt_lib_shutdown_return                 0x08000207   Thumb Code     0  libshutdown2.o(.ARM.Collect$$libshutdown$$00000012)
    __rt_lib_shutdown_signal_1               0x08000207   Thumb Code     0  libshutdown2.o(.ARM.Collect$$libshutdown$$0000000C)
    __rt_lib_shutdown_stdio_1                0x08000207   Thumb Code     0  libshutdown2.o(.ARM.Collect$$libshutdown$$00000006)
    __rt_lib_shutdown_user_alloc_1           0x08000207   Thumb Code     0  libshutdown2.o(.ARM.Collect$$libshutdown$$0000000E)
    __rt_entry                               0x08000209   Thumb Code     0  __rtentry.o(.ARM.Collect$$rtentry$$00000000)
    __rt_entry_presh_1                       0x08000209   Thumb Code     0  __rtentry2.o(.ARM.Collect$$rtentry$$00000002)
    __rt_entry_sh                            0x08000209   Thumb Code     0  __rtentry4.o(.ARM.Collect$$rtentry$$00000004)
    __rt_entry_li                            0x0800020f   Thumb Code     0  __rtentry2.o(.ARM.Collect$$rtentry$$0000000A)
    __rt_entry_postsh_1                      0x0800020f   Thumb Code     0  __rtentry2.o(.ARM.Collect$$rtentry$$00000009)
    __rt_entry_main                          0x08000213   Thumb Code     0  __rtentry2.o(.ARM.Collect$$rtentry$$0000000D)
    __rt_entry_postli_1                      0x08000213   Thumb Code     0  __rtentry2.o(.ARM.Collect$$rtentry$$0000000C)
    __rt_exit                                0x0800021b   Thumb Code     0  rtexit.o(.ARM.Collect$$rtexit$$00000000)
    __rt_exit_ls                             0x0800021d   Thumb Code     0  rtexit2.o(.ARM.Collect$$rtexit$$00000003)
    __rt_exit_prels_1                        0x0800021d   Thumb Code     0  rtexit2.o(.ARM.Collect$$rtexit$$00000002)
    __rt_exit_exit                           0x08000221   Thumb Code     0  rtexit2.o(.ARM.Collect$$rtexit$$00000004)
    Reset_Handler                            0x08000229   Thumb Code     8  startup_stm32f334x8.o(.text)
    ADC1_2_IRQHandler                        0x08000243   Thumb Code     0  startup_stm32f334x8.o(.text)
    CAN_SCE_IRQHandler                       0x08000243   Thumb Code     0  startup_stm32f334x8.o(.text)
    COMP2_IRQHandler                         0x08000243   Thumb Code     0  startup_stm32f334x8.o(.text)
    COMP4_6_IRQHandler                       0x08000243   Thumb Code     0  startup_stm32f334x8.o(.text)
    DMA1_Channel1_IRQHandler                 0x08000243   Thumb Code     0  startup_stm32f334x8.o(.text)
    DMA1_Channel2_IRQHandler                 0x08000243   Thumb Code     0  startup_stm32f334x8.o(.text)
    DMA1_Channel3_IRQHandler                 0x08000243   Thumb Code     0  startup_stm32f334x8.o(.text)
    DMA1_Channel4_IRQHandler                 0x08000243   Thumb Code     0  startup_stm32f334x8.o(.text)
    DMA1_Channel5_IRQHandler                 0x08000243   Thumb Code     0  startup_stm32f334x8.o(.text)
    DMA1_Channel6_IRQHandler                 0x08000243   Thumb Code     0  startup_stm32f334x8.o(.text)
    DMA1_Channel7_IRQHandler                 0x08000243   Thumb Code     0  startup_stm32f334x8.o(.text)
    EXTI0_IRQHandler                         0x08000243   Thumb Code     0  startup_stm32f334x8.o(.text)
    EXTI15_10_IRQHandler                     0x08000243   Thumb Code     0  startup_stm32f334x8.o(.text)
    EXTI1_IRQHandler                         0x08000243   Thumb Code     0  startup_stm32f334x8.o(.text)
    EXTI2_TSC_IRQHandler                     0x08000243   Thumb Code     0  startup_stm32f334x8.o(.text)
    EXTI3_IRQHandler                         0x08000243   Thumb Code     0  startup_stm32f334x8.o(.text)
    EXTI4_IRQHandler                         0x08000243   Thumb Code     0  startup_stm32f334x8.o(.text)
    EXTI9_5_IRQHandler                       0x08000243   Thumb Code     0  startup_stm32f334x8.o(.text)
    FLASH_IRQHandler                         0x08000243   Thumb Code     0  startup_stm32f334x8.o(.text)
    FPU_IRQHandler                           0x08000243   Thumb Code     0  startup_stm32f334x8.o(.text)
    HRTIM1_FLT_IRQHandler                    0x08000243   Thumb Code     0  startup_stm32f334x8.o(.text)
    HRTIM1_Master_IRQHandler                 0x08000243   Thumb Code     0  startup_stm32f334x8.o(.text)
    HRTIM1_TIMA_IRQHandler                   0x08000243   Thumb Code     0  startup_stm32f334x8.o(.text)
    HRTIM1_TIMB_IRQHandler                   0x08000243   Thumb Code     0  startup_stm32f334x8.o(.text)
    HRTIM1_TIMC_IRQHandler                   0x08000243   Thumb Code     0  startup_stm32f334x8.o(.text)
    HRTIM1_TIMD_IRQHandler                   0x08000243   Thumb Code     0  startup_stm32f334x8.o(.text)
    HRTIM1_TIME_IRQHandler                   0x08000243   Thumb Code     0  startup_stm32f334x8.o(.text)
    I2C1_ER_IRQHandler                       0x08000243   Thumb Code     0  startup_stm32f334x8.o(.text)
    I2C1_EV_IRQHandler                       0x08000243   Thumb Code     0  startup_stm32f334x8.o(.text)
    PVD_IRQHandler                           0x08000243   Thumb Code     0  startup_stm32f334x8.o(.text)
    RCC_IRQHandler                           0x08000243   Thumb Code     0  startup_stm32f334x8.o(.text)
    RTC_Alarm_IRQHandler                     0x08000243   Thumb Code     0  startup_stm32f334x8.o(.text)
    RTC_WKUP_IRQHandler                      0x08000243   Thumb Code     0  startup_stm32f334x8.o(.text)
    SPI1_IRQHandler                          0x08000243   Thumb Code     0  startup_stm32f334x8.o(.text)
    TAMP_STAMP_IRQHandler                    0x08000243   Thumb Code     0  startup_stm32f334x8.o(.text)
    TIM1_BRK_TIM15_IRQHandler                0x08000243   Thumb Code     0  startup_stm32f334x8.o(.text)
    TIM1_CC_IRQHandler                       0x08000243   Thumb Code     0  startup_stm32f334x8.o(.text)
    TIM1_TRG_COM_TIM17_IRQHandler            0x08000243   Thumb Code     0  startup_stm32f334x8.o(.text)
    TIM2_IRQHandler                          0x08000243   Thumb Code     0  startup_stm32f334x8.o(.text)
    TIM3_IRQHandler                          0x08000243   Thumb Code     0  startup_stm32f334x8.o(.text)
    TIM6_DAC1_IRQHandler                     0x08000243   Thumb Code     0  startup_stm32f334x8.o(.text)
    TIM7_DAC2_IRQHandler                     0x08000243   Thumb Code     0  startup_stm32f334x8.o(.text)
    USART1_IRQHandler                        0x08000243   Thumb Code     0  startup_stm32f334x8.o(.text)
    USART2_IRQHandler                        0x08000243   Thumb Code     0  startup_stm32f334x8.o(.text)
    USART3_IRQHandler                        0x08000243   Thumb Code     0  startup_stm32f334x8.o(.text)
    WWDG_IRQHandler                          0x08000243   Thumb Code     0  startup_stm32f334x8.o(.text)
    __user_initial_stackheap                 0x08000245   Thumb Code     0  startup_stm32f334x8.o(.text)
    __aeabi_uldivmod                         0x08000269   Thumb Code     0  lludivv7m.o(.text)
    _ll_udiv                                 0x08000269   Thumb Code   238  lludivv7m.o(.text)
    __aeabi_memclr4                          0x08000357   Thumb Code     0  rt_memclr_w.o(.text)
    __aeabi_memclr8                          0x08000357   Thumb Code     0  rt_memclr_w.o(.text)
    __rt_memclr_w                            0x08000357   Thumb Code    78  rt_memclr_w.o(.text)
    _memset_w                                0x0800035b   Thumb Code     0  rt_memclr_w.o(.text)
    __use_two_region_memory                  0x080003a5   Thumb Code     2  heapauxi.o(.text)
    __rt_heap_escrow$2region                 0x080003a7   Thumb Code     2  heapauxi.o(.text)
    __rt_heap_expand$2region                 0x080003a9   Thumb Code     2  heapauxi.o(.text)
    __user_setup_stackheap                   0x080003ab   Thumb Code    74  sys_stackheap_outer.o(.text)
    exit                                     0x080003f5   Thumb Code    18  exit.o(.text)
    __user_libspace                          0x08000409   Thumb Code     8  libspace.o(.text)
    __user_perproc_libspace                  0x08000409   Thumb Code     0  libspace.o(.text)
    __user_perthread_libspace                0x08000409   Thumb Code     0  libspace.o(.text)
    _sys_exit                                0x08000411   Thumb Code     8  sys_exit.o(.text)
    __I$use$semihosting                      0x0800041d   Thumb Code     0  use_no_semi.o(.text)
    __use_no_semihosting_swi                 0x0800041d   Thumb Code     2  use_no_semi.o(.text)
    __semihosting_library_function           0x0800041f   Thumb Code     0  indicate_semi.o(.text)
    ADC_Linear_calibration_init              0x08000569   Thumb Code   196  measure.o(i.ADC_Linear_calibration_init)
    ADC_Measure                              0x08000639   Thumb Code   820  measure.o(i.ADC_Measure)
    ADC_init                                 0x080009a1   Thumb Code   220  measure.o(i.ADC_init)
    ADCvalue_to_ELEC                         0x08000b3d   Thumb Code    28  measure.o(i.ADCvalue_to_ELEC)
    Bluetooth_transmission1                  0x08000b59   Thumb Code   182  communication.o(i.Bluetooth_transmission1)
    Bluetooth_transmission2                  0x08000c35   Thumb Code   124  communication.o(i.Bluetooth_transmission2)
    Bsp_canInit                              0x08000ccd   Thumb Code    60  bsp_can.o(i.Bsp_canInit)
    BusFault_Handler                         0x08000d0d   Thumb Code     2  stm32f3xx_it.o(i.BusFault_Handler)
    CAN_RX0_IRQHandler                       0x08000d11   Thumb Code     6  stm32f3xx_it.o(i.CAN_RX0_IRQHandler)
    CAN_RX1_IRQHandler                       0x08000d1d   Thumb Code     6  stm32f3xx_it.o(i.CAN_RX1_IRQHandler)
    CAN_TX_IRQHandler                        0x08000d29   Thumb Code     6  stm32f3xx_it.o(i.CAN_TX_IRQHandler)
    Data_Send_F1                             0x08000d35   Thumb Code   210  communication.o(i.Data_Send_F1)
    Data_Send_F2                             0x08000e0d   Thumb Code   210  communication.o(i.Data_Send_F2)
    DebugMon_Handler                         0x08000ee5   Thumb Code     2  stm32f3xx_it.o(i.DebugMon_Handler)
    Error_Handler                            0x08000ee9   Thumb Code    10  main.o(i.Error_Handler)
    HAL_ADCEx_Calibration_Start              0x08000ef5   Thumb Code   174  stm32f3xx_hal_adc_ex.o(i.HAL_ADCEx_Calibration_Start)
    HAL_ADCEx_MultiModeConfigChannel         0x08000fa5   Thumb Code   286  stm32f3xx_hal_adc_ex.o(i.HAL_ADCEx_MultiModeConfigChannel)
    HAL_ADC_ConfigChannel                    0x080010cd   Thumb Code   876  stm32f3xx_hal_adc_ex.o(i.HAL_ADC_ConfigChannel)
    HAL_ADC_ConvCpltCallback                 0x0800144d   Thumb Code     2  stm32f3xx_hal_adc.o(i.HAL_ADC_ConvCpltCallback)
    HAL_ADC_ConvHalfCpltCallback             0x0800144f   Thumb Code     2  stm32f3xx_hal_adc.o(i.HAL_ADC_ConvHalfCpltCallback)
    HAL_ADC_ErrorCallback                    0x08001451   Thumb Code     2  stm32f3xx_hal_adc.o(i.HAL_ADC_ErrorCallback)
    HAL_ADC_Init                             0x08001455   Thumb Code   546  stm32f3xx_hal_adc_ex.o(i.HAL_ADC_Init)
    HAL_ADC_MspInit                          0x08001691   Thumb Code   252  adc.o(i.HAL_ADC_MspInit)
    HAL_ADC_Start_DMA                        0x080017a9   Thumb Code   280  stm32f3xx_hal_adc_ex.o(i.HAL_ADC_Start_DMA)
    HAL_CAN_ActivateNotification             0x080018cd   Thumb Code    42  stm32f3xx_hal_can.o(i.HAL_CAN_ActivateNotification)
    HAL_CAN_AddTxMessage                     0x080018f7   Thumb Code   234  stm32f3xx_hal_can.o(i.HAL_CAN_AddTxMessage)
    HAL_CAN_ConfigFilter                     0x080019e1   Thumb Code   254  stm32f3xx_hal_can.o(i.HAL_CAN_ConfigFilter)
    HAL_CAN_ErrorCallback                    0x08001adf   Thumb Code     2  stm32f3xx_hal_can.o(i.HAL_CAN_ErrorCallback)
    HAL_CAN_GetRxMessage                     0x08001ae1   Thumb Code   344  stm32f3xx_hal_can.o(i.HAL_CAN_GetRxMessage)
    HAL_CAN_IRQHandler                       0x08001c39   Thumb Code   566  stm32f3xx_hal_can.o(i.HAL_CAN_IRQHandler)
    HAL_CAN_Init                             0x08001e71   Thumb Code   298  stm32f3xx_hal_can.o(i.HAL_CAN_Init)
    HAL_CAN_MspInit                          0x08001f9d   Thumb Code   144  can.o(i.HAL_CAN_MspInit)
    HAL_CAN_RxFifo0FullCallback              0x08002035   Thumb Code     2  stm32f3xx_hal_can.o(i.HAL_CAN_RxFifo0FullCallback)
    HAL_CAN_RxFifo0MsgPendingCallback        0x08002039   Thumb Code    44  bsp_can.o(i.HAL_CAN_RxFifo0MsgPendingCallback)
    HAL_CAN_RxFifo1FullCallback              0x0800206d   Thumb Code     2  stm32f3xx_hal_can.o(i.HAL_CAN_RxFifo1FullCallback)
    HAL_CAN_RxFifo1MsgPendingCallback        0x0800206f   Thumb Code     2  stm32f3xx_hal_can.o(i.HAL_CAN_RxFifo1MsgPendingCallback)
    HAL_CAN_SleepCallback                    0x08002071   Thumb Code     2  stm32f3xx_hal_can.o(i.HAL_CAN_SleepCallback)
    HAL_CAN_Start                            0x08002075   Thumb Code   100  stm32f3xx_hal_can.o(i.HAL_CAN_Start)
    HAL_CAN_TxMailbox0AbortCallback          0x080020d9   Thumb Code     2  stm32f3xx_hal_can.o(i.HAL_CAN_TxMailbox0AbortCallback)
    HAL_CAN_TxMailbox0CompleteCallback       0x080020db   Thumb Code     2  stm32f3xx_hal_can.o(i.HAL_CAN_TxMailbox0CompleteCallback)
    HAL_CAN_TxMailbox1AbortCallback          0x080020dd   Thumb Code     2  stm32f3xx_hal_can.o(i.HAL_CAN_TxMailbox1AbortCallback)
    HAL_CAN_TxMailbox1CompleteCallback       0x080020df   Thumb Code     2  stm32f3xx_hal_can.o(i.HAL_CAN_TxMailbox1CompleteCallback)
    HAL_CAN_TxMailbox2AbortCallback          0x080020e1   Thumb Code     2  stm32f3xx_hal_can.o(i.HAL_CAN_TxMailbox2AbortCallback)
    HAL_CAN_TxMailbox2CompleteCallback       0x080020e3   Thumb Code     2  stm32f3xx_hal_can.o(i.HAL_CAN_TxMailbox2CompleteCallback)
    HAL_CAN_WakeUpFromRxMsgCallback          0x080020e5   Thumb Code     2  stm32f3xx_hal_can.o(i.HAL_CAN_WakeUpFromRxMsgCallback)
    HAL_DMA_Init                             0x080020e9   Thumb Code   114  stm32f3xx_hal_dma.o(i.HAL_DMA_Init)
    HAL_DMA_Start_IT                         0x08002169   Thumb Code   150  stm32f3xx_hal_dma.o(i.HAL_DMA_Start_IT)
    HAL_Delay                                0x08002201   Thumb Code    34  stm32f3xx_hal.o(i.HAL_Delay)
    HAL_GPIO_Init                            0x08002229   Thumb Code   436  stm32f3xx_hal_gpio.o(i.HAL_GPIO_Init)
    HAL_GPIO_ReadPin                         0x080023ed   Thumb Code    10  stm32f3xx_hal_gpio.o(i.HAL_GPIO_ReadPin)
    HAL_GPIO_TogglePin                       0x080023f7   Thumb Code    16  stm32f3xx_hal_gpio.o(i.HAL_GPIO_TogglePin)
    HAL_GPIO_WritePin                        0x08002407   Thumb Code    10  stm32f3xx_hal_gpio.o(i.HAL_GPIO_WritePin)
    HAL_GetTick                              0x08002411   Thumb Code     6  stm32f3xx_hal.o(i.HAL_GetTick)
    HAL_HRTIM_DLLCalibrationStart            0x0800241d   Thumb Code   114  stm32f3xx_hal_hrtim.o(i.HAL_HRTIM_DLLCalibrationStart)
    HAL_HRTIM_DeadTimeConfig                 0x08002491   Thumb Code   166  stm32f3xx_hal_hrtim.o(i.HAL_HRTIM_DeadTimeConfig)
    HAL_HRTIM_Init                           0x0800253d   Thumb Code   190  stm32f3xx_hal_hrtim.o(i.HAL_HRTIM_Init)
    HAL_HRTIM_MspInit                        0x08002601   Thumb Code    40  hrtim.o(i.HAL_HRTIM_MspInit)
    HAL_HRTIM_PollForDLLCalibration          0x0800262d   Thumb Code    78  stm32f3xx_hal_hrtim.o(i.HAL_HRTIM_PollForDLLCalibration)
    HAL_HRTIM_TimeBaseConfig                 0x0800267b   Thumb Code   146  stm32f3xx_hal_hrtim.o(i.HAL_HRTIM_TimeBaseConfig)
    HAL_HRTIM_WaveformCompareConfig          0x0800270d   Thumb Code   382  stm32f3xx_hal_hrtim.o(i.HAL_HRTIM_WaveformCompareConfig)
    HAL_HRTIM_WaveformCountStart             0x0800288b   Thumb Code    50  stm32f3xx_hal_hrtim.o(i.HAL_HRTIM_WaveformCountStart)
    HAL_HRTIM_WaveformOutputConfig           0x080028bd   Thumb Code    56  stm32f3xx_hal_hrtim.o(i.HAL_HRTIM_WaveformOutputConfig)
    HAL_HRTIM_WaveformOutputStart            0x080028f5   Thumb Code    52  stm32f3xx_hal_hrtim.o(i.HAL_HRTIM_WaveformOutputStart)
    HAL_HRTIM_WaveformOutputStop             0x08002929   Thumb Code    52  stm32f3xx_hal_hrtim.o(i.HAL_HRTIM_WaveformOutputStop)
    HAL_HRTIM_WaveformTimerConfig            0x0800295d   Thumb Code   644  stm32f3xx_hal_hrtim.o(i.HAL_HRTIM_WaveformTimerConfig)
    HAL_I2CEx_ConfigAnalogFilter             0x08002be1   Thumb Code    86  stm32f3xx_hal_i2c_ex.o(i.HAL_I2CEx_ConfigAnalogFilter)
    HAL_I2CEx_ConfigDigitalFilter            0x08002c37   Thumb Code    82  stm32f3xx_hal_i2c_ex.o(i.HAL_I2CEx_ConfigDigitalFilter)
    HAL_I2C_Init                             0x08002c89   Thumb Code   184  stm32f3xx_hal_i2c.o(i.HAL_I2C_Init)
    HAL_I2C_MspInit                          0x08002d41   Thumb Code    94  i2c.o(i.HAL_I2C_MspInit)
    HAL_IncTick                              0x08002da9   Thumb Code    12  stm32f3xx_hal.o(i.HAL_IncTick)
    HAL_Init                                 0x08002db9   Thumb Code    32  stm32f3xx_hal.o(i.HAL_Init)
    HAL_InitTick                             0x08002ddd   Thumb Code    54  stm32f3xx_hal.o(i.HAL_InitTick)
    HAL_MspInit                              0x08002e1d   Thumb Code    40  stm32f3xx_hal_msp.o(i.HAL_MspInit)
    HAL_NVIC_EnableIRQ                       0x08002e49   Thumb Code    30  stm32f3xx_hal_cortex.o(i.HAL_NVIC_EnableIRQ)
    HAL_NVIC_SetPriority                     0x08002e69   Thumb Code    96  stm32f3xx_hal_cortex.o(i.HAL_NVIC_SetPriority)
    HAL_NVIC_SetPriorityGrouping             0x08002ecd   Thumb Code    30  stm32f3xx_hal_cortex.o(i.HAL_NVIC_SetPriorityGrouping)
    HAL_RCCEx_PeriphCLKConfig                0x08002ef1   Thumb Code   410  stm32f3xx_hal_rcc_ex.o(i.HAL_RCCEx_PeriphCLKConfig)
    HAL_RCC_ClockConfig                      0x08003095   Thumb Code   486  stm32f3xx_hal_rcc.o(i.HAL_RCC_ClockConfig)
    HAL_RCC_GetPCLK1Freq                     0x080032a1   Thumb Code    34  stm32f3xx_hal_rcc.o(i.HAL_RCC_GetPCLK1Freq)
    HAL_RCC_GetPCLK2Freq                     0x080032d1   Thumb Code    34  stm32f3xx_hal_rcc.o(i.HAL_RCC_GetPCLK2Freq)
    HAL_RCC_GetSysClockFreq                  0x08003301   Thumb Code    72  stm32f3xx_hal_rcc.o(i.HAL_RCC_GetSysClockFreq)
    HAL_RCC_OscConfig                        0x08003359   Thumb Code  1488  stm32f3xx_hal_rcc.o(i.HAL_RCC_OscConfig)
    HAL_SYSTICK_Config                       0x08003929   Thumb Code    38  stm32f3xx_hal_cortex.o(i.HAL_SYSTICK_Config)
    HAL_TIMEx_Break2Callback                 0x08003955   Thumb Code     2  stm32f3xx_hal_tim_ex.o(i.HAL_TIMEx_Break2Callback)
    HAL_TIMEx_BreakCallback                  0x08003957   Thumb Code     2  stm32f3xx_hal_tim_ex.o(i.HAL_TIMEx_BreakCallback)
    HAL_TIMEx_CommutCallback                 0x08003959   Thumb Code     2  stm32f3xx_hal_tim_ex.o(i.HAL_TIMEx_CommutCallback)
    HAL_TIMEx_MasterConfigSynchronization    0x0800395d   Thumb Code   116  stm32f3xx_hal_tim_ex.o(i.HAL_TIMEx_MasterConfigSynchronization)
    HAL_TIM_Base_Init                        0x080039d5   Thumb Code    98  stm32f3xx_hal_tim.o(i.HAL_TIM_Base_Init)
    HAL_TIM_Base_MspInit                     0x08003a39   Thumb Code    82  tim.o(i.HAL_TIM_Base_MspInit)
    HAL_TIM_Base_Start_IT                    0x08003a91   Thumb Code    96  stm32f3xx_hal_tim.o(i.HAL_TIM_Base_Start_IT)
    HAL_TIM_ConfigClockSource                0x08003af5   Thumb Code   370  stm32f3xx_hal_tim.o(i.HAL_TIM_ConfigClockSource)
    HAL_TIM_IC_CaptureCallback               0x08003c67   Thumb Code     2  stm32f3xx_hal_tim.o(i.HAL_TIM_IC_CaptureCallback)
    HAL_TIM_IRQHandler                       0x08003c69   Thumb Code   366  stm32f3xx_hal_tim.o(i.HAL_TIM_IRQHandler)
    HAL_TIM_OC_DelayElapsedCallback          0x08003dd7   Thumb Code     2  stm32f3xx_hal_tim.o(i.HAL_TIM_OC_DelayElapsedCallback)
    HAL_TIM_PWM_ConfigChannel                0x08003dd9   Thumb Code   796  stm32f3xx_hal_tim.o(i.HAL_TIM_PWM_ConfigChannel)
    HAL_TIM_PWM_Init                         0x08004105   Thumb Code    98  stm32f3xx_hal_tim.o(i.HAL_TIM_PWM_Init)
    HAL_TIM_PWM_MspInit                      0x08004167   Thumb Code     2  stm32f3xx_hal_tim.o(i.HAL_TIM_PWM_MspInit)
    HAL_TIM_PWM_PulseFinishedCallback        0x08004169   Thumb Code     2  stm32f3xx_hal_tim.o(i.HAL_TIM_PWM_PulseFinishedCallback)
    HAL_TIM_PeriodElapsedCallback            0x0800416b   Thumb Code     2  stm32f3xx_hal_tim.o(i.HAL_TIM_PeriodElapsedCallback)
    HAL_TIM_TriggerCallback                  0x0800416d   Thumb Code     2  stm32f3xx_hal_tim.o(i.HAL_TIM_TriggerCallback)
    HAL_UART_Init                            0x0800416f   Thumb Code   106  stm32f3xx_hal_uart.o(i.HAL_UART_Init)
    HAL_UART_MspInit                         0x080041d9   Thumb Code    94  usart.o(i.HAL_UART_MspInit)
    HAL_UART_Transmit                        0x08004241   Thumb Code   194  stm32f3xx_hal_uart.o(i.HAL_UART_Transmit)
    HRTIM_Init                               0x08004305   Thumb Code    10  timer.o(i.HRTIM_Init)
    HardFault_Handler                        0x080043f9   Thumb Code     2  stm32f3xx_it.o(i.HardFault_Handler)
    Input_undervoltage_protection            0x080043fd   Thumb Code    64  power_control.o(i.Input_undervoltage_protection)
    Led_Config_Control                       0x0800444d   Thumb Code   104  led.o(i.Led_Config_Control)
    Led_Control                              0x080044bd   Thumb Code    12  led.o(i.Led_Control)
    MX_ADC1_Init                             0x080044c9   Thumb Code   174  adc.o(i.MX_ADC1_Init)
    MX_ADC2_Init                             0x0800457d   Thumb Code   154  adc.o(i.MX_ADC2_Init)
    MX_CAN_Init                              0x08004621   Thumb Code    52  can.o(i.MX_CAN_Init)
    MX_DMA_Init                              0x0800465d   Thumb Code    24  dma.o(i.MX_DMA_Init)
    MX_GPIO_Init                             0x08004679   Thumb Code   266  gpio.o(i.MX_GPIO_Init)
    MX_HRTIM1_Init                           0x08004791   Thumb Code   644  hrtim.o(i.MX_HRTIM1_Init)
    MX_I2C1_Init                             0x08004a21   Thumb Code    80  i2c.o(i.MX_I2C1_Init)
    MX_TIM1_Init                             0x08004a7d   Thumb Code   110  tim.o(i.MX_TIM1_Init)
    MX_TIM3_Init                             0x08004af5   Thumb Code   216  tim.o(i.MX_TIM3_Init)
    MX_USART2_UART_Init                      0x08004bdd   Thumb Code    52  usart.o(i.MX_USART2_UART_Init)
    MemManage_Handler                        0x08004c19   Thumb Code     2  stm32f3xx_it.o(i.MemManage_Handler)
    Mode_Judgment                            0x08004c1d   Thumb Code   188  power_control.o(i.Mode_Judgment)
    NMI_Handler                              0x08004cf1   Thumb Code     2  stm32f3xx_it.o(i.NMI_Handler)
    PID_Control                              0x08004cf5   Thumb Code   784  power_control.o(i.PID_Control)
    PID_calc                                 0x08005045   Thumb Code   192  pid.o(i.PID_calc)
    PID_clear                                0x08005105   Thumb Code    54  pid.o(i.PID_clear)
    PID_init                                 0x08005141   Thumb Code    74  pid.o(i.PID_init)
    PendSV_Handler                           0x08005191   Thumb Code     2  stm32f3xx_it.o(i.PendSV_Handler)
    Power_on_Self_Test                       0x08005195   Thumb Code   632  power_control.o(i.Power_on_Self_Test)
    SVC_Handler                              0x08005449   Thumb Code     2  stm32f3xx_it.o(i.SVC_Handler)
    SysTick_Handler                          0x0800544b   Thumb Code     4  stm32f3xx_it.o(i.SysTick_Handler)
    SystemClock_Config                       0x08005451   Thumb Code   162  main.o(i.SystemClock_Config)
    SystemInit                               0x080054f5   Thumb Code    12  system_stm32f3xx.o(i.SystemInit)
    TIM1_UP_TIM16_IRQHandler                 0x08005505   Thumb Code    78  stm32f3xx_it.o(i.TIM1_UP_TIM16_IRQHandler)
    TIM_Base_SetConfig                       0x08005561   Thumb Code   146  stm32f3xx_hal_tim.o(i.TIM_Base_SetConfig)
    TIM_OC2_SetConfig                        0x08005609   Thumb Code   128  stm32f3xx_hal_tim.o(i.TIM_OC2_SetConfig)
    UART_AdvFeatureConfig                    0x08005689   Thumb Code   218  stm32f3xx_hal_uart.o(i.UART_AdvFeatureConfig)
    UART_CheckIdleState                      0x08005763   Thumb Code   184  stm32f3xx_hal_uart.o(i.UART_CheckIdleState)
    UART_SetConfig                           0x0800581d   Thumb Code   312  stm32f3xx_hal_uart.o(i.UART_SetConfig)
    UART_WaitOnFlagUntilTimeout              0x08005961   Thumb Code   328  stm32f3xx_hal_uart.o(i.UART_WaitOnFlagUntilTimeout)
    UsageFault_Handler                       0x08005aa9   Thumb Code     2  stm32f3xx_it.o(i.UsageFault_Handler)
    communication_can_send                   0x08005aad   Thumb Code    50  communication.o(i.communication_can_send)
    main                                     0x08005aed   Thumb Code   244  main.o(i.main)
    my_key                                   0x08005c0d   Thumb Code   314  key.o(i.my_key)
    ringbuf_cal                              0x08005d75   Thumb Code    88  measure.o(i.ringbuf_cal)
    __aeabi_d2f                              0x08005dcd   Thumb Code     0  d2f.o(x$fpl$d2f)
    _d2f                                     0x08005dcd   Thumb Code    98  d2f.o(x$fpl$d2f)
    __aeabi_dadd                             0x08005e31   Thumb Code     0  daddsub_clz.o(x$fpl$dadd)
    _dadd                                    0x08005e31   Thumb Code   332  daddsub_clz.o(x$fpl$dadd)
    __fpl_dcmp_Inf                           0x08005f81   Thumb Code    24  dcmpi.o(x$fpl$dcmpinf)
    __aeabi_ddiv                             0x08005f99   Thumb Code     0  ddiv.o(x$fpl$ddiv)
    _ddiv                                    0x08005f99   Thumb Code   552  ddiv.o(x$fpl$ddiv)
    __aeabi_cdcmpeq                          0x08006249   Thumb Code     0  deqf.o(x$fpl$deqf)
    _dcmpeq                                  0x08006249   Thumb Code   120  deqf.o(x$fpl$deqf)
    __aeabi_dmul                             0x080062c1   Thumb Code     0  dmul.o(x$fpl$dmul)
    _dmul                                    0x080062c1   Thumb Code   332  dmul.o(x$fpl$dmul)
    __fpl_dnaninf                            0x08006415   Thumb Code   156  dnaninf.o(x$fpl$dnaninf)
    __fpl_dretinf                            0x080064b1   Thumb Code    12  dretinf.o(x$fpl$dretinf)
    __aeabi_drsub                            0x080064bd   Thumb Code     0  daddsub_clz.o(x$fpl$drsb)
    _drsb                                    0x080064bd   Thumb Code    22  daddsub_clz.o(x$fpl$drsb)
    __aeabi_dsub                             0x080064d5   Thumb Code     0  daddsub_clz.o(x$fpl$dsub)
    _dsub                                    0x080064d5   Thumb Code   464  daddsub_clz.o(x$fpl$dsub)
    __aeabi_f2d                              0x080066a9   Thumb Code     0  f2d.o(x$fpl$f2d)
    _f2d                                     0x080066a9   Thumb Code    86  f2d.o(x$fpl$f2d)
    __fpl_fnaninf                            0x080066ff   Thumb Code   140  fnaninf.o(x$fpl$fnaninf)
    _fp_init                                 0x0800678b   Thumb Code    10  fpinit.o(x$fpl$fpinit)
    __fplib_config_fpu_vfp                   0x08006793   Thumb Code     0  fpinit.o(x$fpl$fpinit)
    __fplib_config_pureend_doubles           0x08006793   Thumb Code     0  fpinit.o(x$fpl$fpinit)
    __fpl_fretinf                            0x08006795   Thumb Code    10  fretinf.o(x$fpl$fretinf)
    __I$use$fp                               0x0800679e   Number         0  usenofp.o(x$fpl$usenofp)
    AHBPrescTable                            0x080067be   Data          16  system_stm32f3xx.o(.constdata)
    APBPrescTable                            0x080067ce   Data           8  system_stm32f3xx.o(.constdata)
    Region$$Table$$Base                      0x080067d8   Number         0  anon$$obj.o(Region$$Table)
    Region$$Table$$Limit                     0x080067f8   Number         0  anon$$obj.o(Region$$Table)
    uwTickFreq                               0x20000000   Data           1  stm32f3xx_hal.o(.data)
    uwTickPrio                               0x20000004   Data           4  stm32f3xx_hal.o(.data)
    uwTick                                   0x20000008   Data           4  stm32f3xx_hal.o(.data)
    SystemCoreClock                          0x2000000c   Data           4  system_stm32f3xx.o(.data)
    LED_Cnt                                  0x20000014   Data           2  stm32f3xx_it.o(.data)
    cnt                                      0x20000018   Data           4  stm32f3xx_it.o(.data)
    KEY1                                     0x2000001f   Data           1  key.o(.data)
    KEY2                                     0x20000020   Data           1  key.o(.data)
    KEY3                                     0x20000021   Data           1  key.o(.data)
    board_number                             0x20000024   Data           1  measure.o(.data)
    ringbuf_cnt                              0x20000025   Data           1  measure.o(.data)
    V_Motor                                  0x20000028   Data           4  measure.o(.data)
    AD_Buf_1                                 0x2000002c   Data           6  measure.o(.data)
    AD_Buf_2                                 0x20000032   Data           6  measure.o(.data)
    UVPCnt                                   0x20000038   Data           2  power_control.o(.data)
    STBYCnt                                  0x2000003a   Data           2  power_control.o(.data)
    V_Set                                    0x2000003c   Data           4  power_control.o(.data)
    hadc1                                    0x20000040   Data          80  adc.o(.bss)
    hadc2                                    0x20000090   Data          80  adc.o(.bss)
    hdma_adc1                                0x200000e0   Data          68  adc.o(.bss)
    hdma_adc2                                0x20000124   Data          68  adc.o(.bss)
    hcan                                     0x20000168   Data          40  can.o(.bss)
    hhrtim1                                  0x20000190   Data         220  hrtim.o(.bss)
    hi2c1                                    0x2000026c   Data          84  i2c.o(.bss)
    htim1                                    0x200002c0   Data          76  tim.o(.bss)
    htim3                                    0x2000030c   Data          76  tim.o(.bss)
    huart2                                   0x20000358   Data         136  usart.o(.bss)
    ADC_I_IN                                 0x200003e0   Data         128  measure.o(.bss)
    ADC_VIN                                  0x20000460   Data         128  measure.o(.bss)
    ADC_I_MOTOR                              0x200004e0   Data         128  measure.o(.bss)
    ADC_I_CAP                                0x20000560   Data         128  measure.o(.bss)
    ADC_V_CAP                                0x200005e0   Data         128  measure.o(.bss)
    ADC_V_REFINT                             0x20000660   Data         128  measure.o(.bss)
    measure                                  0x200006e0   Data          36  measure.o(.bss)
    data_to_send                             0x20000704   Data          72  communication.o(.bss)
    control                                  0x2000074c   Data         324  power_control.o(.bss)
    __libspace_start                         0x20000890   Data          96  libspace.o(.bss)
    __temporary_stack_top$libspace           0x200008f0   Data           0  libspace.o(.bss)



==============================================================================

Memory Map of the image

  Image Entry point : 0x08000189

  Load Region LR_IROM1 (Base: 0x08000000, Size: 0x00006838, Max: 0x00010000, ABSOLUTE)

    Execution Region ER_IROM1 (Exec base: 0x08000000, Load base: 0x08000000, Size: 0x000067f8, Max: 0x00010000, ABSOLUTE)

    Exec Addr    Load Addr    Size         Type   Attr      Idx    E Section Name        Object

    0x08000000   0x08000000   0x00000188   Data   RO            3    RESET               startup_stm32f334x8.o
    0x08000188   0x08000188   0x00000008   Code   RO         5282  * !!!main             c_w.l(__main.o)
    0x08000190   0x08000190   0x00000034   Code   RO         5480    !!!scatter          c_w.l(__scatter.o)
    0x080001c4   0x080001c4   0x0000001a   Code   RO         5482    !!handler_copy      c_w.l(__scatter_copy.o)
    0x080001de   0x080001de   0x00000002   PAD
    0x080001e0   0x080001e0   0x0000001c   Code   RO         5484    !!handler_zi        c_w.l(__scatter_zi.o)
    0x080001fc   0x080001fc   0x00000002   Code   RO         5348    .ARM.Collect$$libinit$$00000000  c_w.l(libinit.o)
    0x080001fe   0x080001fe   0x00000004   Code   RO         5360    .ARM.Collect$$libinit$$00000001  c_w.l(libinit2.o)
    0x08000202   0x08000202   0x00000000   Code   RO         5363    .ARM.Collect$$libinit$$00000004  c_w.l(libinit2.o)
    0x08000202   0x08000202   0x00000000   Code   RO         5366    .ARM.Collect$$libinit$$0000000A  c_w.l(libinit2.o)
    0x08000202   0x08000202   0x00000000   Code   RO         5368    .ARM.Collect$$libinit$$0000000C  c_w.l(libinit2.o)
    0x08000202   0x08000202   0x00000000   Code   RO         5370    .ARM.Collect$$libinit$$0000000E  c_w.l(libinit2.o)
    0x08000202   0x08000202   0x00000000   Code   RO         5373    .ARM.Collect$$libinit$$00000011  c_w.l(libinit2.o)
    0x08000202   0x08000202   0x00000000   Code   RO         5375    .ARM.Collect$$libinit$$00000013  c_w.l(libinit2.o)
    0x08000202   0x08000202   0x00000000   Code   RO         5377    .ARM.Collect$$libinit$$00000015  c_w.l(libinit2.o)
    0x08000202   0x08000202   0x00000000   Code   RO         5379    .ARM.Collect$$libinit$$00000017  c_w.l(libinit2.o)
    0x08000202   0x08000202   0x00000000   Code   RO         5381    .ARM.Collect$$libinit$$00000019  c_w.l(libinit2.o)
    0x08000202   0x08000202   0x00000000   Code   RO         5383    .ARM.Collect$$libinit$$0000001B  c_w.l(libinit2.o)
    0x08000202   0x08000202   0x00000000   Code   RO         5385    .ARM.Collect$$libinit$$0000001D  c_w.l(libinit2.o)
    0x08000202   0x08000202   0x00000000   Code   RO         5387    .ARM.Collect$$libinit$$0000001F  c_w.l(libinit2.o)
    0x08000202   0x08000202   0x00000000   Code   RO         5389    .ARM.Collect$$libinit$$00000021  c_w.l(libinit2.o)
    0x08000202   0x08000202   0x00000000   Code   RO         5391    .ARM.Collect$$libinit$$00000023  c_w.l(libinit2.o)
    0x08000202   0x08000202   0x00000000   Code   RO         5393    .ARM.Collect$$libinit$$00000025  c_w.l(libinit2.o)
    0x08000202   0x08000202   0x00000000   Code   RO         5397    .ARM.Collect$$libinit$$0000002C  c_w.l(libinit2.o)
    0x08000202   0x08000202   0x00000000   Code   RO         5399    .ARM.Collect$$libinit$$0000002E  c_w.l(libinit2.o)
    0x08000202   0x08000202   0x00000000   Code   RO         5401    .ARM.Collect$$libinit$$00000030  c_w.l(libinit2.o)
    0x08000202   0x08000202   0x00000000   Code   RO         5403    .ARM.Collect$$libinit$$00000032  c_w.l(libinit2.o)
    0x08000202   0x08000202   0x00000002   Code   RO         5404    .ARM.Collect$$libinit$$00000033  c_w.l(libinit2.o)
    0x08000204   0x08000204   0x00000002   Code   RO         5435    .ARM.Collect$$libshutdown$$00000000  c_w.l(libshutdown.o)
    0x08000206   0x08000206   0x00000000   Code   RO         5461    .ARM.Collect$$libshutdown$$00000002  c_w.l(libshutdown2.o)
    0x08000206   0x08000206   0x00000000   Code   RO         5463    .ARM.Collect$$libshutdown$$00000004  c_w.l(libshutdown2.o)
    0x08000206   0x08000206   0x00000000   Code   RO         5465    .ARM.Collect$$libshutdown$$00000006  c_w.l(libshutdown2.o)
    0x08000206   0x08000206   0x00000000   Code   RO         5468    .ARM.Collect$$libshutdown$$00000009  c_w.l(libshutdown2.o)
    0x08000206   0x08000206   0x00000000   Code   RO         5471    .ARM.Collect$$libshutdown$$0000000C  c_w.l(libshutdown2.o)
    0x08000206   0x08000206   0x00000000   Code   RO         5473    .ARM.Collect$$libshutdown$$0000000E  c_w.l(libshutdown2.o)
    0x08000206   0x08000206   0x00000000   Code   RO         5476    .ARM.Collect$$libshutdown$$00000011  c_w.l(libshutdown2.o)
    0x08000206   0x08000206   0x00000002   Code   RO         5477    .ARM.Collect$$libshutdown$$00000012  c_w.l(libshutdown2.o)
    0x08000208   0x08000208   0x00000000   Code   RO         5302    .ARM.Collect$$rtentry$$00000000  c_w.l(__rtentry.o)
    0x08000208   0x08000208   0x00000000   Code   RO         5319    .ARM.Collect$$rtentry$$00000002  c_w.l(__rtentry2.o)
    0x08000208   0x08000208   0x00000006   Code   RO         5331    .ARM.Collect$$rtentry$$00000004  c_w.l(__rtentry4.o)
    0x0800020e   0x0800020e   0x00000000   Code   RO         5321    .ARM.Collect$$rtentry$$00000009  c_w.l(__rtentry2.o)
    0x0800020e   0x0800020e   0x00000004   Code   RO         5322    .ARM.Collect$$rtentry$$0000000A  c_w.l(__rtentry2.o)
    0x08000212   0x08000212   0x00000000   Code   RO         5324    .ARM.Collect$$rtentry$$0000000C  c_w.l(__rtentry2.o)
    0x08000212   0x08000212   0x00000008   Code   RO         5325    .ARM.Collect$$rtentry$$0000000D  c_w.l(__rtentry2.o)
    0x0800021a   0x0800021a   0x00000002   Code   RO         5352    .ARM.Collect$$rtexit$$00000000  c_w.l(rtexit.o)
    0x0800021c   0x0800021c   0x00000000   Code   RO         5408    .ARM.Collect$$rtexit$$00000002  c_w.l(rtexit2.o)
    0x0800021c   0x0800021c   0x00000004   Code   RO         5409    .ARM.Collect$$rtexit$$00000003  c_w.l(rtexit2.o)
    0x08000220   0x08000220   0x00000006   Code   RO         5410    .ARM.Collect$$rtexit$$00000004  c_w.l(rtexit2.o)
    0x08000226   0x08000226   0x00000002   PAD
    0x08000228   0x08000228   0x00000040   Code   RO            4    .text               startup_stm32f334x8.o
    0x08000268   0x08000268   0x000000ee   Code   RO         5274    .text               c_w.l(lludivv7m.o)
    0x08000356   0x08000356   0x0000004e   Code   RO         5278    .text               c_w.l(rt_memclr_w.o)
    0x080003a4   0x080003a4   0x00000006   Code   RO         5280    .text               c_w.l(heapauxi.o)
    0x080003aa   0x080003aa   0x0000004a   Code   RO         5335    .text               c_w.l(sys_stackheap_outer.o)
    0x080003f4   0x080003f4   0x00000012   Code   RO         5337    .text               c_w.l(exit.o)
    0x08000406   0x08000406   0x00000002   PAD
    0x08000408   0x08000408   0x00000008   Code   RO         5349    .text               c_w.l(libspace.o)
    0x08000410   0x08000410   0x0000000c   Code   RO         5405    .text               c_w.l(sys_exit.o)
    0x0800041c   0x0800041c   0x00000002   Code   RO         5424    .text               c_w.l(use_no_semi.o)
    0x0800041e   0x0800041e   0x00000000   Code   RO         5426    .text               c_w.l(indicate_semi.o)
    0x0800041e   0x0800041e   0x00000048   Code   RO          273    i.ADC_DMAConvCplt   stm32f3xx_hal_adc_ex.o
    0x08000466   0x08000466   0x00000016   Code   RO          274    i.ADC_DMAError      stm32f3xx_hal_adc_ex.o
    0x0800047c   0x0800047c   0x00000006   Code   RO          275    i.ADC_DMAHalfConvCplt  stm32f3xx_hal_adc_ex.o
    0x08000482   0x08000482   0x00000076   Code   RO          276    i.ADC_Disable       stm32f3xx_hal_adc_ex.o
    0x080004f8   0x080004f8   0x0000006e   Code   RO          277    i.ADC_Enable        stm32f3xx_hal_adc_ex.o
    0x08000566   0x08000566   0x00000002   PAD
    0x08000568   0x08000568   0x000000d0   Code   RO         4935    i.ADC_Linear_calibration_init  measure.o
    0x08000638   0x08000638   0x00000368   Code   RO         4936    i.ADC_Measure       measure.o
    0x080009a0   0x080009a0   0x0000019c   Code   RO         4937    i.ADC_init          measure.o
    0x08000b3c   0x08000b3c   0x0000001c   Code   RO         4938    i.ADCvalue_to_ELEC  measure.o
    0x08000b58   0x08000b58   0x000000dc   Code   RO         5028    i.Bluetooth_transmission1  communication.o
    0x08000c34   0x08000c34   0x00000098   Code   RO         5029    i.Bluetooth_transmission2  communication.o
    0x08000ccc   0x08000ccc   0x00000040   Code   RO         5242    i.Bsp_canInit       bsp_can.o
    0x08000d0c   0x08000d0c   0x00000002   Code   RO         4765    i.BusFault_Handler  stm32f3xx_it.o
    0x08000d0e   0x08000d0e   0x00000002   PAD
    0x08000d10   0x08000d10   0x0000000c   Code   RO         4766    i.CAN_RX0_IRQHandler  stm32f3xx_it.o
    0x08000d1c   0x08000d1c   0x0000000c   Code   RO         4767    i.CAN_RX1_IRQHandler  stm32f3xx_it.o
    0x08000d28   0x08000d28   0x0000000c   Code   RO         4768    i.CAN_TX_IRQHandler  stm32f3xx_it.o
    0x08000d34   0x08000d34   0x000000d8   Code   RO         5030    i.Data_Send_F1      communication.o
    0x08000e0c   0x08000e0c   0x000000d8   Code   RO         5031    i.Data_Send_F2      communication.o
    0x08000ee4   0x08000ee4   0x00000002   Code   RO         4769    i.DebugMon_Handler  stm32f3xx_it.o
    0x08000ee6   0x08000ee6   0x00000002   PAD
    0x08000ee8   0x08000ee8   0x0000000a   Code   RO         4331    i.Error_Handler     main.o
    0x08000ef2   0x08000ef2   0x00000002   PAD
    0x08000ef4   0x08000ef4   0x000000ae   Code   RO          280    i.HAL_ADCEx_Calibration_Start  stm32f3xx_hal_adc_ex.o
    0x08000fa2   0x08000fa2   0x00000002   PAD
    0x08000fa4   0x08000fa4   0x00000128   Code   RO          292    i.HAL_ADCEx_MultiModeConfigChannel  stm32f3xx_hal_adc_ex.o
    0x080010cc   0x080010cc   0x00000380   Code   RO          301    i.HAL_ADC_ConfigChannel  stm32f3xx_hal_adc_ex.o
    0x0800144c   0x0800144c   0x00000002   Code   RO           15    i.HAL_ADC_ConvCpltCallback  stm32f3xx_hal_adc.o
    0x0800144e   0x0800144e   0x00000002   Code   RO           16    i.HAL_ADC_ConvHalfCpltCallback  stm32f3xx_hal_adc.o
    0x08001450   0x08001450   0x00000002   Code   RO           18    i.HAL_ADC_ErrorCallback  stm32f3xx_hal_adc.o
    0x08001452   0x08001452   0x00000002   PAD
    0x08001454   0x08001454   0x0000023c   Code   RO          305    i.HAL_ADC_Init      stm32f3xx_hal_adc_ex.o
    0x08001690   0x08001690   0x00000118   Code   RO         4465    i.HAL_ADC_MspInit   adc.o
    0x080017a8   0x080017a8   0x00000124   Code   RO          309    i.HAL_ADC_Start_DMA  stm32f3xx_hal_adc_ex.o
    0x080018cc   0x080018cc   0x0000002a   Code   RO         1962    i.HAL_CAN_ActivateNotification  stm32f3xx_hal_can.o
    0x080018f6   0x080018f6   0x000000ea   Code   RO         1963    i.HAL_CAN_AddTxMessage  stm32f3xx_hal_can.o
    0x080019e0   0x080019e0   0x000000fe   Code   RO         1964    i.HAL_CAN_ConfigFilter  stm32f3xx_hal_can.o
    0x08001ade   0x08001ade   0x00000002   Code   RO         1967    i.HAL_CAN_ErrorCallback  stm32f3xx_hal_can.o
    0x08001ae0   0x08001ae0   0x00000158   Code   RO         1970    i.HAL_CAN_GetRxMessage  stm32f3xx_hal_can.o
    0x08001c38   0x08001c38   0x00000236   Code   RO         1974    i.HAL_CAN_IRQHandler  stm32f3xx_hal_can.o
    0x08001e6e   0x08001e6e   0x00000002   PAD
    0x08001e70   0x08001e70   0x0000012a   Code   RO         1975    i.HAL_CAN_Init      stm32f3xx_hal_can.o
    0x08001f9a   0x08001f9a   0x00000002   PAD
    0x08001f9c   0x08001f9c   0x00000098   Code   RO         4514    i.HAL_CAN_MspInit   can.o
    0x08002034   0x08002034   0x00000002   Code   RO         1982    i.HAL_CAN_RxFifo0FullCallback  stm32f3xx_hal_can.o
    0x08002036   0x08002036   0x00000002   PAD
    0x08002038   0x08002038   0x00000034   Code   RO         5243    i.HAL_CAN_RxFifo0MsgPendingCallback  bsp_can.o
    0x0800206c   0x0800206c   0x00000002   Code   RO         1984    i.HAL_CAN_RxFifo1FullCallback  stm32f3xx_hal_can.o
    0x0800206e   0x0800206e   0x00000002   Code   RO         1985    i.HAL_CAN_RxFifo1MsgPendingCallback  stm32f3xx_hal_can.o
    0x08002070   0x08002070   0x00000002   Code   RO         1986    i.HAL_CAN_SleepCallback  stm32f3xx_hal_can.o
    0x08002072   0x08002072   0x00000002   PAD
    0x08002074   0x08002074   0x00000064   Code   RO         1987    i.HAL_CAN_Start     stm32f3xx_hal_can.o
    0x080020d8   0x080020d8   0x00000002   Code   RO         1989    i.HAL_CAN_TxMailbox0AbortCallback  stm32f3xx_hal_can.o
    0x080020da   0x080020da   0x00000002   Code   RO         1990    i.HAL_CAN_TxMailbox0CompleteCallback  stm32f3xx_hal_can.o
    0x080020dc   0x080020dc   0x00000002   Code   RO         1991    i.HAL_CAN_TxMailbox1AbortCallback  stm32f3xx_hal_can.o
    0x080020de   0x080020de   0x00000002   Code   RO         1992    i.HAL_CAN_TxMailbox1CompleteCallback  stm32f3xx_hal_can.o
    0x080020e0   0x080020e0   0x00000002   Code   RO         1993    i.HAL_CAN_TxMailbox2AbortCallback  stm32f3xx_hal_can.o
    0x080020e2   0x080020e2   0x00000002   Code   RO         1994    i.HAL_CAN_TxMailbox2CompleteCallback  stm32f3xx_hal_can.o
    0x080020e4   0x080020e4   0x00000002   Code   RO         1996    i.HAL_CAN_WakeUpFromRxMsgCallback  stm32f3xx_hal_can.o
    0x080020e6   0x080020e6   0x00000002   PAD
    0x080020e8   0x080020e8   0x00000080   Code   RO          922    i.HAL_DMA_Init      stm32f3xx_hal_dma.o
    0x08002168   0x08002168   0x00000096   Code   RO          926    i.HAL_DMA_Start_IT  stm32f3xx_hal_dma.o
    0x080021fe   0x080021fe   0x00000002   PAD
    0x08002200   0x08002200   0x00000028   Code   RO          543    i.HAL_Delay         stm32f3xx_hal.o
    0x08002228   0x08002228   0x000001c4   Code   RO          853    i.HAL_GPIO_Init     stm32f3xx_hal_gpio.o
    0x080023ec   0x080023ec   0x0000000a   Code   RO          855    i.HAL_GPIO_ReadPin  stm32f3xx_hal_gpio.o
    0x080023f6   0x080023f6   0x00000010   Code   RO          856    i.HAL_GPIO_TogglePin  stm32f3xx_hal_gpio.o
    0x08002406   0x08002406   0x0000000a   Code   RO          857    i.HAL_GPIO_WritePin  stm32f3xx_hal_gpio.o
    0x08002410   0x08002410   0x0000000c   Code   RO          547    i.HAL_GetTick       stm32f3xx_hal.o
    0x0800241c   0x0800241c   0x00000072   Code   RO         2212    i.HAL_HRTIM_DLLCalibrationStart  stm32f3xx_hal_hrtim.o
    0x0800248e   0x0800248e   0x00000002   PAD
    0x08002490   0x08002490   0x000000ac   Code   RO         2215    i.HAL_HRTIM_DeadTimeConfig  stm32f3xx_hal_hrtim.o
    0x0800253c   0x0800253c   0x000000c4   Code   RO         2235    i.HAL_HRTIM_Init    stm32f3xx_hal_hrtim.o
    0x08002600   0x08002600   0x0000002c   Code   RO         4580    i.HAL_HRTIM_MspInit  hrtim.o
    0x0800262c   0x0800262c   0x0000004e   Code   RO         2242    i.HAL_HRTIM_PollForDLLCalibration  stm32f3xx_hal_hrtim.o
    0x0800267a   0x0800267a   0x00000092   Code   RO         2282    i.HAL_HRTIM_TimeBaseConfig  stm32f3xx_hal_hrtim.o
    0x0800270c   0x0800270c   0x0000017e   Code   RO         2287    i.HAL_HRTIM_WaveformCompareConfig  stm32f3xx_hal_hrtim.o
    0x0800288a   0x0800288a   0x00000032   Code   RO         2288    i.HAL_HRTIM_WaveformCountStart  stm32f3xx_hal_hrtim.o
    0x080028bc   0x080028bc   0x00000038   Code   RO         2296    i.HAL_HRTIM_WaveformOutputConfig  stm32f3xx_hal_hrtim.o
    0x080028f4   0x080028f4   0x00000034   Code   RO         2297    i.HAL_HRTIM_WaveformOutputStart  stm32f3xx_hal_hrtim.o
    0x08002928   0x08002928   0x00000034   Code   RO         2298    i.HAL_HRTIM_WaveformOutputStop  stm32f3xx_hal_hrtim.o
    0x0800295c   0x0800295c   0x00000284   Code   RO         2300    i.HAL_HRTIM_WaveformTimerConfig  stm32f3xx_hal_hrtim.o
    0x08002be0   0x08002be0   0x00000056   Code   RO         1835    i.HAL_I2CEx_ConfigAnalogFilter  stm32f3xx_hal_i2c_ex.o
    0x08002c36   0x08002c36   0x00000052   Code   RO         1836    i.HAL_I2CEx_ConfigDigitalFilter  stm32f3xx_hal_i2c_ex.o
    0x08002c88   0x08002c88   0x000000b8   Code   RO         1419    i.HAL_I2C_Init      stm32f3xx_hal_i2c.o
    0x08002d40   0x08002d40   0x00000068   Code   RO         4628    i.HAL_I2C_MspInit   i2c.o
    0x08002da8   0x08002da8   0x00000010   Code   RO          553    i.HAL_IncTick       stm32f3xx_hal.o
    0x08002db8   0x08002db8   0x00000024   Code   RO          554    i.HAL_Init          stm32f3xx_hal.o
    0x08002ddc   0x08002ddc   0x00000040   Code   RO          555    i.HAL_InitTick      stm32f3xx_hal.o
    0x08002e1c   0x08002e1c   0x0000002c   Code   RO         4869    i.HAL_MspInit       stm32f3xx_hal_msp.o
    0x08002e48   0x08002e48   0x0000001e   Code   RO         1008    i.HAL_NVIC_EnableIRQ  stm32f3xx_hal_cortex.o
    0x08002e66   0x08002e66   0x00000002   PAD
    0x08002e68   0x08002e68   0x00000064   Code   RO         1014    i.HAL_NVIC_SetPriority  stm32f3xx_hal_cortex.o
    0x08002ecc   0x08002ecc   0x00000024   Code   RO         1015    i.HAL_NVIC_SetPriorityGrouping  stm32f3xx_hal_cortex.o
    0x08002ef0   0x08002ef0   0x000001a4   Code   RO          815    i.HAL_RCCEx_PeriphCLKConfig  stm32f3xx_hal_rcc_ex.o
    0x08003094   0x08003094   0x0000020c   Code   RO          711    i.HAL_RCC_ClockConfig  stm32f3xx_hal_rcc.o
    0x080032a0   0x080032a0   0x00000030   Code   RO          718    i.HAL_RCC_GetPCLK1Freq  stm32f3xx_hal_rcc.o
    0x080032d0   0x080032d0   0x00000030   Code   RO          719    i.HAL_RCC_GetPCLK2Freq  stm32f3xx_hal_rcc.o
    0x08003300   0x08003300   0x00000058   Code   RO          720    i.HAL_RCC_GetSysClockFreq  stm32f3xx_hal_rcc.o
    0x08003358   0x08003358   0x000005d0   Code   RO          723    i.HAL_RCC_OscConfig  stm32f3xx_hal_rcc.o
    0x08003928   0x08003928   0x0000002c   Code   RO         1019    i.HAL_SYSTICK_Config  stm32f3xx_hal_cortex.o
    0x08003954   0x08003954   0x00000002   Code   RO         3555    i.HAL_TIMEx_Break2Callback  stm32f3xx_hal_tim_ex.o
    0x08003956   0x08003956   0x00000002   Code   RO         3556    i.HAL_TIMEx_BreakCallback  stm32f3xx_hal_tim_ex.o
    0x08003958   0x08003958   0x00000002   Code   RO         3557    i.HAL_TIMEx_CommutCallback  stm32f3xx_hal_tim_ex.o
    0x0800395a   0x0800395a   0x00000002   PAD
    0x0800395c   0x0800395c   0x00000078   Code   RO         3576    i.HAL_TIMEx_MasterConfigSynchronization  stm32f3xx_hal_tim_ex.o
    0x080039d4   0x080039d4   0x00000062   Code   RO         2888    i.HAL_TIM_Base_Init  stm32f3xx_hal_tim.o
    0x08003a36   0x08003a36   0x00000002   PAD
    0x08003a38   0x08003a38   0x00000058   Code   RO         4670    i.HAL_TIM_Base_MspInit  tim.o
    0x08003a90   0x08003a90   0x00000064   Code   RO         2893    i.HAL_TIM_Base_Start_IT  stm32f3xx_hal_tim.o
    0x08003af4   0x08003af4   0x00000172   Code   RO         2897    i.HAL_TIM_ConfigClockSource  stm32f3xx_hal_tim.o
    0x08003c66   0x08003c66   0x00000002   Code   RO         2922    i.HAL_TIM_IC_CaptureCallback  stm32f3xx_hal_tim.o
    0x08003c68   0x08003c68   0x0000016e   Code   RO         2936    i.HAL_TIM_IRQHandler  stm32f3xx_hal_tim.o
    0x08003dd6   0x08003dd6   0x00000002   Code   RO         2939    i.HAL_TIM_OC_DelayElapsedCallback  stm32f3xx_hal_tim.o
    0x08003dd8   0x08003dd8   0x0000032c   Code   RO         2960    i.HAL_TIM_PWM_ConfigChannel  stm32f3xx_hal_tim.o
    0x08004104   0x08004104   0x00000062   Code   RO         2963    i.HAL_TIM_PWM_Init  stm32f3xx_hal_tim.o
    0x08004166   0x08004166   0x00000002   Code   RO         2965    i.HAL_TIM_PWM_MspInit  stm32f3xx_hal_tim.o
    0x08004168   0x08004168   0x00000002   Code   RO         2966    i.HAL_TIM_PWM_PulseFinishedCallback  stm32f3xx_hal_tim.o
    0x0800416a   0x0800416a   0x00000002   Code   RO         2974    i.HAL_TIM_PeriodElapsedCallback  stm32f3xx_hal_tim.o
    0x0800416c   0x0800416c   0x00000002   Code   RO         2979    i.HAL_TIM_TriggerCallback  stm32f3xx_hal_tim.o
    0x0800416e   0x0800416e   0x0000006a   Code   RO         3858    i.HAL_UART_Init     stm32f3xx_hal_uart.o
    0x080041d8   0x080041d8   0x00000068   Code   RO         4724    i.HAL_UART_MspInit  usart.o
    0x08004240   0x08004240   0x000000c2   Code   RO         3867    i.HAL_UART_Transmit  stm32f3xx_hal_uart.o
    0x08004302   0x08004302   0x00000002   PAD
    0x08004304   0x08004304   0x00000010   Code   RO         5213    i.HRTIM_Init        timer.o
    0x08004314   0x08004314   0x000000e4   Code   RO         2307    i.HRTIM_OutputConfig  stm32f3xx_hal_hrtim.o
    0x080043f8   0x080043f8   0x00000002   Code   RO         4770    i.HardFault_Handler  stm32f3xx_it.o
    0x080043fa   0x080043fa   0x00000002   PAD
    0x080043fc   0x080043fc   0x00000050   Code   RO         5151    i.Input_undervoltage_protection  power_control.o
    0x0800444c   0x0800444c   0x00000070   Code   RO         4995    i.Led_Config_Control  led.o
    0x080044bc   0x080044bc   0x0000000c   Code   RO         4996    i.Led_Control       led.o
    0x080044c8   0x080044c8   0x000000b4   Code   RO         4466    i.MX_ADC1_Init      adc.o
    0x0800457c   0x0800457c   0x000000a4   Code   RO         4467    i.MX_ADC2_Init      adc.o
    0x08004620   0x08004620   0x0000003c   Code   RO         4515    i.MX_CAN_Init       can.o
    0x0800465c   0x0800465c   0x0000001c   Code   RO         4555    i.MX_DMA_Init       dma.o
    0x08004678   0x08004678   0x00000118   Code   RO         4440    i.MX_GPIO_Init      gpio.o
    0x08004790   0x08004790   0x00000290   Code   RO         4582    i.MX_HRTIM1_Init    hrtim.o
    0x08004a20   0x08004a20   0x0000005c   Code   RO         4629    i.MX_I2C1_Init      i2c.o
    0x08004a7c   0x08004a7c   0x00000078   Code   RO         4672    i.MX_TIM1_Init      tim.o
    0x08004af4   0x08004af4   0x000000e8   Code   RO         4673    i.MX_TIM3_Init      tim.o
    0x08004bdc   0x08004bdc   0x0000003c   Code   RO         4725    i.MX_USART2_UART_Init  usart.o
    0x08004c18   0x08004c18   0x00000002   Code   RO         4771    i.MemManage_Handler  stm32f3xx_it.o
    0x08004c1a   0x08004c1a   0x00000002   PAD
    0x08004c1c   0x08004c1c   0x000000d4   Code   RO         5152    i.Mode_Judgment     power_control.o
    0x08004cf0   0x08004cf0   0x00000002   Code   RO         4772    i.NMI_Handler       stm32f3xx_it.o
    0x08004cf2   0x08004cf2   0x00000002   PAD
    0x08004cf4   0x08004cf4   0x00000350   Code   RO         5153    i.PID_Control       power_control.o
    0x08005044   0x08005044   0x000000c0   Code   RO         5085    i.PID_calc          pid.o
    0x08005104   0x08005104   0x0000003c   Code   RO         5086    i.PID_clear         pid.o
    0x08005140   0x08005140   0x00000050   Code   RO         5087    i.PID_init          pid.o
    0x08005190   0x08005190   0x00000002   Code   RO         4773    i.PendSV_Handler    stm32f3xx_it.o
    0x08005192   0x08005192   0x00000002   PAD
    0x08005194   0x08005194   0x000002b4   Code   RO         5154    i.Power_on_Self_Test  power_control.o
    0x08005448   0x08005448   0x00000002   Code   RO         4774    i.SVC_Handler       stm32f3xx_it.o
    0x0800544a   0x0800544a   0x00000004   Code   RO         4775    i.SysTick_Handler   stm32f3xx_it.o
    0x0800544e   0x0800544e   0x00000002   PAD
    0x08005450   0x08005450   0x000000a2   Code   RO         4332    i.SystemClock_Config  main.o
    0x080054f2   0x080054f2   0x00000002   PAD
    0x080054f4   0x080054f4   0x00000010   Code   RO         4294    i.SystemInit        system_stm32f3xx.o
    0x08005504   0x08005504   0x0000005c   Code   RO         4776    i.TIM1_UP_TIM16_IRQHandler  stm32f3xx_it.o
    0x08005560   0x08005560   0x000000a8   Code   RO         2981    i.TIM_Base_SetConfig  stm32f3xx_hal_tim.o
    0x08005608   0x08005608   0x00000080   Code   RO         2993    i.TIM_OC2_SetConfig  stm32f3xx_hal_tim.o
    0x08005688   0x08005688   0x000000da   Code   RO         3872    i.UART_AdvFeatureConfig  stm32f3xx_hal_uart.o
    0x08005762   0x08005762   0x000000b8   Code   RO         3873    i.UART_CheckIdleState  stm32f3xx_hal_uart.o
    0x0800581a   0x0800581a   0x00000002   PAD
    0x0800581c   0x0800581c   0x00000144   Code   RO         3887    i.UART_SetConfig    stm32f3xx_hal_uart.o
    0x08005960   0x08005960   0x00000148   Code   RO         3892    i.UART_WaitOnFlagUntilTimeout  stm32f3xx_hal_uart.o
    0x08005aa8   0x08005aa8   0x00000002   Code   RO         4777    i.UsageFault_Handler  stm32f3xx_it.o
    0x08005aaa   0x08005aaa   0x00000002   PAD
    0x08005aac   0x08005aac   0x00000040   Code   RO         5032    i.communication_can_send  communication.o
    0x08005aec   0x08005aec   0x00000120   Code   RO         4333    i.main              main.o
    0x08005c0c   0x08005c0c   0x00000168   Code   RO         4893    i.my_key            key.o
    0x08005d74   0x08005d74   0x00000058   Code   RO         4940    i.ringbuf_cal       measure.o
    0x08005dcc   0x08005dcc   0x00000062   Code   RO         5284    x$fpl$d2f           fz_wm.l(d2f.o)
    0x08005e2e   0x08005e2e   0x00000002   PAD
    0x08005e30   0x08005e30   0x00000150   Code   RO         5286    x$fpl$dadd          fz_wm.l(daddsub_clz.o)
    0x08005f80   0x08005f80   0x00000018   Code   RO         5307    x$fpl$dcmpinf       fz_wm.l(dcmpi.o)
    0x08005f98   0x08005f98   0x000002b0   Code   RO         5293    x$fpl$ddiv          fz_wm.l(ddiv.o)
    0x08006248   0x08006248   0x00000078   Code   RO         5296    x$fpl$deqf          fz_wm.l(deqf.o)
    0x080062c0   0x080062c0   0x00000154   Code   RO         5298    x$fpl$dmul          fz_wm.l(dmul.o)
    0x08006414   0x08006414   0x0000009c   Code   RO         5309    x$fpl$dnaninf       fz_wm.l(dnaninf.o)
    0x080064b0   0x080064b0   0x0000000c   Code   RO         5311    x$fpl$dretinf       fz_wm.l(dretinf.o)
    0x080064bc   0x080064bc   0x00000016   Code   RO         5287    x$fpl$drsb          fz_wm.l(daddsub_clz.o)
    0x080064d2   0x080064d2   0x00000002   PAD
    0x080064d4   0x080064d4   0x000001d4   Code   RO         5288    x$fpl$dsub          fz_wm.l(daddsub_clz.o)
    0x080066a8   0x080066a8   0x00000056   Code   RO         5300    x$fpl$f2d           fz_wm.l(f2d.o)
    0x080066fe   0x080066fe   0x0000008c   Code   RO         5313    x$fpl$fnaninf       fz_wm.l(fnaninf.o)
    0x0800678a   0x0800678a   0x0000000a   Code   RO         5420    x$fpl$fpinit        fz_wm.l(fpinit.o)
    0x08006794   0x08006794   0x0000000a   Code   RO         5315    x$fpl$fretinf       fz_wm.l(fretinf.o)
    0x0800679e   0x0800679e   0x00000000   Code   RO         5317    x$fpl$usenofp       fz_wm.l(usenofp.o)
    0x0800679e   0x0800679e   0x00000020   Data   RO          724    .constdata          stm32f3xx_hal_rcc.o
    0x080067be   0x080067be   0x00000010   Data   RO         4295    .constdata          system_stm32f3xx.o
    0x080067ce   0x080067ce   0x00000008   Data   RO         4296    .constdata          system_stm32f3xx.o
    0x080067d6   0x080067d6   0x00000002   PAD
    0x080067d8   0x080067d8   0x00000020   Data   RO         5478    Region$$Table       anon$$obj.o


    Execution Region RW_IRAM2 (Exec base: 0x10000000, Load base: 0x08006838, Size: 0x00000000, Max: 0x00001000, ABSOLUTE)

    **** No section assigned to this execution region ****


    Execution Region RW_IRAM1 (Exec base: 0x20000000, Load base: 0x080067f8, Size: 0x00000ef0, Max: 0x00003000, ABSOLUTE)

    Exec Addr    Load Addr    Size         Type   Attr      Idx    E Section Name        Object

    0x20000000   0x080067f8   0x0000000c   Data   RW          561    .data               stm32f3xx_hal.o
    0x2000000c   0x08006804   0x00000004   Data   RW         4297    .data               system_stm32f3xx.o
    0x20000010   0x08006808   0x00000004   Data   RW         4469    .data               adc.o
    0x20000014   0x0800680c   0x00000002   Data   RW         4778    .data               stm32f3xx_it.o
    0x20000016   0x0800680e   0x00000002   PAD
    0x20000018   0x08006810   0x00000004   Data   RW         4779    .data               stm32f3xx_it.o
    0x2000001c   0x08006814   0x00000006   Data   RW         4894    .data               key.o
    0x20000022   0x0800681a   0x00000002   PAD
    0x20000024   0x0800681c   0x00000014   Data   RW         4942    .data               measure.o
    0x20000038   0x08006830   0x00000008   Data   RW         5157    .data               power_control.o
    0x20000040        -       0x00000128   Zero   RW         4468    .bss                adc.o
    0x20000168        -       0x00000028   Zero   RW         4516    .bss                can.o
    0x20000190        -       0x000000dc   Zero   RW         4583    .bss                hrtim.o
    0x2000026c        -       0x00000054   Zero   RW         4630    .bss                i2c.o
    0x200002c0        -       0x00000098   Zero   RW         4674    .bss                tim.o
    0x20000358        -       0x00000088   Zero   RW         4726    .bss                usart.o
    0x200003e0        -       0x00000324   Zero   RW         4941    .bss                measure.o
    0x20000704        -       0x00000048   Zero   RW         5033    .bss                communication.o
    0x2000074c        -       0x00000144   Zero   RW         5155    .bss                power_control.o
    0x20000890        -       0x00000060   Zero   RW         5350    .bss                c_w.l(libspace.o)
    0x200008f0        -       0x00000200   Zero   RW            2    HEAP                startup_stm32f334x8.o
    0x20000af0        -       0x00000400   Zero   RW            1    STACK               startup_stm32f334x8.o


==============================================================================

Image component sizes


      Code (inc. data)   RO Data    RW Data    ZI Data      Debug   Object Name

       624         44          0          4        296       2994   adc.o
       116         12          0          0          0       1678   bsp_can.o
       212         16          0          0         40       1799   can.o
       868         92          0          0         72       5193   communication.o
        28          4          0          0          0        810   dma.o
       280         14          0          0          0       1071   gpio.o
       700         16          0          0        220       2439   hrtim.o
       196         22          0          0         84       1797   i2c.o
       360         46          0          6          0       1598   key.o
       124          8          0          0          0       1103   led.o
       460         44          0          0          0       2567   main.o
      1608        258          0         20        804       6493   measure.o
       332         12          0          0          0       2573   pid.o
      1832        164          0          8        324       5355   power_control.o
        64         26        392          0       1536        864   startup_stm32f334x8.o
       168         30          0         12          0      15361   stm32f3xx_hal.o
         6          0          0          0          0     787858   stm32f3xx_hal_adc.o
      2558         68          0          0          0      10784   stm32f3xx_hal_adc_ex.o
      1862          0          0          0          0      15234   stm32f3xx_hal_can.o
       210         16          0          0          0      31911   stm32f3xx_hal_cortex.o
       278         14          0          0          0       2410   stm32f3xx_hal_dma.o
       488         16          0          0          0       3444   stm32f3xx_hal_gpio.o
      2170         24          0          0          0      14194   stm32f3xx_hal_hrtim.o
       184          0          0          0          0       3887   stm32f3xx_hal_i2c.o
       168          0          0          0          0       1971   stm32f3xx_hal_i2c_ex.o
        44          4          0          0          0        910   stm32f3xx_hal_msp.o
      2196         90         32          0          0       6050   stm32f3xx_hal_rcc.o
       420         10          0          0          0       1588   stm32f3xx_hal_rcc_ex.o
      2152         42          0          0          0      14430   stm32f3xx_hal_tim.o
       126          4          0          0          0       3196   stm32f3xx_hal_tim_ex.o
      1354         32          0          0          0       7348   stm32f3xx_hal_uart.o
       148         32          0          6          0       6697   stm32f3xx_it.o
        16          4         24          4          0       1187   system_stm32f3xx.o
       440         32          0          0        152       2853   tim.o
        16          6          0          0          0        461   timer.o
       164         18          0          0        136       1814   usart.o

    ----------------------------------------------------------------------
     23022       1220        482         64       3664     971922   Object Totals
         0          0         32          0          0          0   (incl. Generated)
        50          0          2          4          0          0   (incl. Padding)

    ----------------------------------------------------------------------

      Code (inc. data)   RO Data    RW Data    ZI Data      Debug   Library Member Name

         8          0          0          0          0         68   __main.o
         0          0          0          0          0          0   __rtentry.o
        12          0          0          0          0          0   __rtentry2.o
         6          0          0          0          0          0   __rtentry4.o
        52          8          0          0          0          0   __scatter.o
        26          0          0          0          0          0   __scatter_copy.o
        28          0          0          0          0          0   __scatter_zi.o
        18          0          0          0          0         80   exit.o
         6          0          0          0          0        152   heapauxi.o
         0          0          0          0          0          0   indicate_semi.o
         2          0          0          0          0          0   libinit.o
         6          0          0          0          0          0   libinit2.o
         2          0          0          0          0          0   libshutdown.o
         2          0          0          0          0          0   libshutdown2.o
         8          4          0          0         96         68   libspace.o
       238          0          0          0          0        100   lludivv7m.o
        78          0          0          0          0         80   rt_memclr_w.o
         2          0          0          0          0          0   rtexit.o
        10          0          0          0          0          0   rtexit2.o
        12          4          0          0          0         68   sys_exit.o
        74          0          0          0          0         80   sys_stackheap_outer.o
         2          0          0          0          0         68   use_no_semi.o
        98          4          0          0          0        140   d2f.o
       826         16          0          0          0        492   daddsub_clz.o
        24          0          0          0          0        116   dcmpi.o
       688        140          0          0          0        256   ddiv.o
       120          4          0          0          0        140   deqf.o
       340         12          0          0          0        152   dmul.o
       156          4          0          0          0        140   dnaninf.o
        12          0          0          0          0        116   dretinf.o
        86          4          0          0          0        132   f2d.o
       140          4          0          0          0        132   fnaninf.o
        10          0          0          0          0        116   fpinit.o
        10          0          0          0          0        116   fretinf.o
         0          0          0          0          0          0   usenofp.o

    ----------------------------------------------------------------------
      3112        204          0          0         96       2812   Library Totals
        10          0          0          0          0          0   (incl. Padding)

    ----------------------------------------------------------------------

      Code (inc. data)   RO Data    RW Data    ZI Data      Debug   Library Name

       592         16          0          0         96        764   c_w.l
      2510        188          0          0          0       2048   fz_wm.l

    ----------------------------------------------------------------------
      3112        204          0          0         96       2812   Library Totals

    ----------------------------------------------------------------------

==============================================================================


      Code (inc. data)   RO Data    RW Data    ZI Data      Debug   

     26134       1424        482         64       3760     959574   Grand Totals
     26134       1424        482         64       3760     959574   ELF Image Totals
     26134       1424        482         64          0          0   ROM Totals

==============================================================================

    Total RO  Size (Code + RO Data)                26616 (  25.99kB)
    Total RW  Size (RW Data + ZI Data)              3824 (   3.73kB)
    Total ROM Size (Code + RO Data + RW Data)      26680 (  26.05kB)

==============================================================================

