<html>
<body>
<pre>
<h1>礦ision Build Log</h1>
<h2>Tool Versions:</h2>
IDE-Version: μVision V5.38.0.0
Copyright (C) 2022 ARM Ltd and ARM Germany GmbH. All rights reserved.
License Information: zhang Admin, NEU, LIC=----
 
Tool Versions:
Toolchain:       MDK-Lite  Version: 5.38.0.0
Toolchain Path:  D:\keil\ARM\ARM506\Bin
C Compiler:      Armcc.exe V5.06 update 7 (build 960)
Assembler:       Armasm.exe V5.06 update 7 (build 960)
Linker/Locator:  ArmLink.exe V5.06 update 7 (build 960)
Library Manager: ArmAr.exe V5.06 update 7 (build 960)
Hex Converter:   FromElf.exe V5.06 update 7 (build 960)
CPU DLL:         SARMCM3.DLL V5.38.0.0
Dialog DLL:      DCM.DLL V1.17.5.0
Target DLL:      STLink\ST-LINKIII-KEIL_SWO.dll V3.1.0.0
Dialog DLL:      TCM.DLL V1.56.4.0
 
<h2>Project:</h2>
C:\Users\Admin\Desktop\RM\S25\SuperCap\Old\Pre-buck\V6.01\MDK-ARM\FSBB.uvprojx
Project File Date:  09/21/2024

<h2>Output:</h2>
*** Using Compiler 'V5.06 update 7 (build 960)', folder: 'D:\keil\ARM\ARM506\Bin'
Rebuild target 'FSBB'
assembling startup_stm32f334x8.s...
compiling stm32f3xx_hal_i2c_ex.c...
compiling stm32f3xx_hal_gpio.c...
compiling stm32f3xx_hal_flash_ex.c...
compiling stm32f3xx_hal.c...
compiling stm32f3xx_hal_pwr_ex.c...
compiling stm32f3xx_hal_rcc_ex.c...
compiling stm32f3xx_hal_pwr.c...
compiling stm32f3xx_hal_adc.c...
compiling stm32f3xx_hal_dma.c...
compiling stm32f3xx_hal_exti.c...
compiling stm32f3xx_hal_flash.c...
compiling stm32f3xx_hal_cortex.c...
compiling stm32f3xx_hal_rcc.c...
compiling stm32f3xx_hal_i2c.c...
compiling stm32f3xx_hal_adc_ex.c...
compiling i2c.c...
compiling stm32f3xx_hal_can.c...
compiling dma.c...
compiling system_stm32f3xx.c...
compiling hrtim.c...
compiling gpio.c...
compiling can.c...
compiling adc.c...
compiling main.c...
../Hardware/Communication.h(8): warning:  #1295-D: Deprecated declaration communication_can_send - give arg types
  void communication_can_send();
../Core/Src/main.c(124): warning:  #223-D: function "Power_on_Self_Test" declared implicitly
    Power_on_Self_Test();
../Core/Src/main.c(149): warning:  #223-D: function "Led_Config_Control" declared implicitly
  			Led_Config_Control();
../Core/Src/main.c(229): warning:  #223-D: function "Led_Config_Control" declared implicitly
      Led_Config_Control();
../Core/Src/main.c: 4 warnings, 0 errors
compiling stm32f3xx_hal_uart_ex.c...
compiling tim.c...
compiling stm32f3xx_hal_tim_ex.c...
compiling stm32f3xx_hal_uart.c...
compiling stm32f3xx_hal_tim.c...
compiling stm32f3xx_hal_hrtim.c...
compiling usart.c...
compiling stm32f3xx_it.c...
../Core/Src/stm32f3xx_it.c(264): warning:  #223-D: function "Mode_Judgment" declared implicitly
        Mode_Judgment();
../Core/Src/stm32f3xx_it.c(265): warning:  #223-D: function "PID_Control" declared implicitly
        PID_Control();
../Core/Src/stm32f3xx_it.c(269): warning:  #223-D: function "Input_undervoltage_protection" declared implicitly
      Input_undervoltage_protection();
../Core/Src/stm32f3xx_it.c(274): warning:  #223-D: function "communication_can_send" declared implicitly
        communication_can_send();
../Core/Src/stm32f3xx_it.c: 4 warnings, 0 errors
compiling stm32f3xx_hal_msp.c...
compiling PID.c...
compiling Key.c...
compiling bsp_can.c...
compiling Buzzer.c...
compiling Communication.c...
..\Hardware\Communication.h(8): warning:  #1295-D: Deprecated declaration communication_can_send - give arg types
  void communication_can_send();
..\Hardware\Communication.c: 1 warning, 0 errors
compiling Measure.c...
compiling TIMER.c...
..\Hardware\Communication.h(8): warning:  #1295-D: Deprecated declaration communication_can_send - give arg types
  void communication_can_send();
..\Hardware\TIMER.c: 1 warning, 0 errors
compiling Led.c...
compiling Power_Control.c...
..\Hardware\Power_Control.c(75): warning:  #1035-D: single-precision operand implicitly converted to double-precision
  			if(measure.P_DCDC>0.5)//需要充电
..\Hardware\Power_Control.c(101): warning:  #1035-D: single-precision operand implicitly converted to double-precision
  			if(measure.I_DCDC<0.5f && (ADC_V_CAP.Solved_filter_out/ADC_VIN.Solved_filter_out)<0.125)
..\Hardware\Power_Control.c(121): warning:  #1035-D: single-precision operand implicitly converted to double-precision
  			if(measure.P_DCDC>0.5)//需要充电
..\Hardware\Power_Control.c(214): warning:  #1035-D: single-precision operand implicitly converted to double-precision
  	if(control.vloop_ratio<0.9)
..\Hardware\Power_Control.c(236): warning:  #1035-D: single-precision operand implicitly converted to double-precision
  	else if((0.9<=control.vloop_ratio)&&(control.vloop_ratio<1.2))
..\Hardware\Power_Control.c(236): warning:  #1035-D: single-precision operand implicitly converted to double-precision
  	else if((0.9<=control.vloop_ratio)&&(control.vloop_ratio<1.2))
..\Hardware\Power_Control.c(330): warning:  #1035-D: single-precision operand implicitly converted to double-precision
  				if((control.left_duty>=BUCK_LEFT_MAX_DUTY)&&(control.vloop_ratio<0.9))
..\Hardware\Power_Control.c(339): warning:  #1035-D: single-precision operand implicitly converted to double-precision
  				if((control.I_Charge_limited>0)&&((0.9<=control.vloop_ratio)&&(control.vloop_ratio<1.2)))//充电模式
..\Hardware\Power_Control.c(339): warning:  #1035-D: single-precision operand implicitly converted to double-precision
  				if((control.I_Charge_limited>0)&&((0.9<=control.vloop_ratio)&&(control.vloop_ratio<1.2)))//充电模式
..\Hardware\Power_Control.c: 9 warnings, 0 errors
linking...
Program Size: Code=26062 RO-data=482 RW-data=64 ZI-data=3760  
FromELF: creating hex file...
"FSBB\FSBB.axf" - 0 Error(s), 19 Warning(s).

<h2>Software Packages used:</h2>

Package Vendor: ARM
                http://www.keil.com/pack/ARM.CMSIS.5.9.0.pack
                ARM.CMSIS.5.9.0
                CMSIS (Common Microcontroller Software Interface Standard)
   * Component: CORE Version: 5.6.0

Package Vendor: Keil
                http://www.keil.com/pack/Keil.STM32F3xx_DFP.2.2.2.pack
                Keil.STM32F3xx_DFP.2.2.2
                STMicroelectronics STM32F3 Series Device Support and Examples

<h2>Collection of Component include folders:</h2>
  ./RTE/_FSBB
  D:/keil/ARM/CMSIS/5.9.0/CMSIS/Core/Include
  D:/keil/Keil/STM32F3xx_DFP/2.2.2/Drivers/CMSIS/Device/ST/STM32F3xx/Include

<h2>Collection of Component Files used:</h2>

   * Component: ARM::CMSIS:CORE:5.6.0
      Include file:  CMSIS/Core/Include/tz_context.h
Build Time Elapsed:  00:00:18
</pre>
</body>
</html>
